core_cm4.h:1688:22:__NVIC_EnableIRQ	16	static
a6_lib.c:34:6:a6_module_init	8	static
a6_lib.c:69:10:a6_drop_call	16	static
a6_lib.c:94:9:a6_make_call	40	static
a6_lib.c:128:9:a6_set_sms_format_to_text	16	static
a6_lib.c:155:9:a6_send_sms	64	static
a6_lib.c:206:16:a6_startup_test	16	static
a6_lib.c:231:16:a6_signal_quality	16	static
a6_lib.c:257:9:a6_is_sms	16	static
a6_lib.c:276:6:get_raw_sms	16	static
a6_lib.c:292:6:get_sms_msg	16	static
a6_lib.c:310:6:get_sender_number	16	static
a6_lib.c:326:16:a6_network_reg	16	static
a6_lib.c:351:16:a6_module_name	16	static
a6_lib.c:378:13:cpy_to_uart	16	static
a6_lib.c:396:13:uart_output_char	16	static
a6_lib.c:408:13:to_lower	16	static
a6_lib.c:422:13:wait_resp	16	static
a6_lib.c:433:13:search_check	24	static
a6_lib.c:457:13:flush_buffer	16	static
a6_lib.c:468:13:a6_process_data	16	static
a6_lib.c:492:13:a6_send_cmd	24	static
a6_lib.c:502:6:USART1_IRQHandler	8	static
