core_cm4.h:1688:22:__NVIC_EnableIRQ	16	static
a6_lib.c:25:6:a6_module_init	8	static
a6_lib.c:60:10:a6_drop_call	16	static
a6_lib.c:85:9:a6_make_call	40	static
a6_lib.c:117:9:a6_set_sms_format_to_text	16	static
a6_lib.c:142:9:a6_send_sms	64	static
a6_lib.c:193:16:a6_startup_test	16	static
a6_lib.c:217:16:a6_signal_quality	16	static
a6_lib.c:242:16:a6_network_reg	16	static
a6_lib.c:266:16:a6_module_name	16	static
a6_lib.c:292:13:cpy_to_uart	16	static
a6_lib.c:310:13:uart_output_char	16	static
a6_lib.c:322:13:to_lower	16	static
a6_lib.c:336:13:wait_resp	16	static
a6_lib.c:347:13:search_check	24	static
a6_lib.c:372:13:a6_process_data	16	static
a6_lib.c:395:13:a6_send_cmd	24	static
a6_lib.c:405:6:USART1_IRQHandler	8	static
