core_cm4.h:1688:22:__NVIC_EnableIRQ	16	static
a6_lib.c:33:6:a6_module_init	8	static
a6_lib.c:68:10:a6_drop_call	16	static
a6_lib.c:93:9:a6_make_call	40	static
a6_lib.c:127:9:a6_set_sms_format_to_text	16	static
a6_lib.c:154:9:a6_send_sms	64	static
a6_lib.c:206:10:a6_delete_all_sms	16	static
a6_lib.c:232:16:a6_startup_test	16	static
a6_lib.c:257:16:a6_signal_quality	16	static
a6_lib.c:283:9:a6_is_sms	16	static
a6_lib.c:302:6:get_raw_sms	16	static
a6_lib.c:318:6:get_sms_msg	16	static
a6_lib.c:336:6:get_sender_number	16	static
a6_lib.c:352:16:a6_network_reg	16	static
a6_lib.c:377:16:a6_module_name	16	static
a6_lib.c:404:13:cpy_to_uart	16	static
a6_lib.c:422:13:uart_output_char	16	static
a6_lib.c:434:13:to_lower	16	static
a6_lib.c:448:13:wait_resp	16	static
a6_lib.c:459:13:search_check	24	static
a6_lib.c:483:7:flush_buffer	16	static
a6_lib.c:494:13:a6_process_data	16	static
a6_lib.c:520:13:a6_send_cmd	24	static
a6_lib.c:530:6:USART1_IRQHandler	8	static
