core_cm4.h:1688:22:__NVIC_EnableIRQ	16	static
a6_lib.c:35:6:a6_module_init	8	static
a6_lib.c:70:10:a6_drop_call	16	static
a6_lib.c:95:9:a6_make_call	40	static
a6_lib.c:129:9:a6_set_sms_format_to_text	16	static
a6_lib.c:156:9:a6_send_sms	64	static
a6_lib.c:208:10:a6_delete_all_sms	16	static
a6_lib.c:234:16:a6_startup_test	16	static
a6_lib.c:259:16:a6_signal_quality	16	static
a6_lib.c:285:9:a6_is_call	16	static
a6_lib.c:304:9:a6_is_sms	16	static
a6_lib.c:323:6:get_raw_sms	16	static
a6_lib.c:339:6:get_sms_msg	16	static
a6_lib.c:357:6:get_sender_number	16	static
a6_lib.c:373:16:a6_network_reg	16	static
a6_lib.c:398:16:a6_module_name	16	static
a6_lib.c:425:13:cpy_to_uart	16	static
a6_lib.c:443:13:uart_output_char	16	static
a6_lib.c:455:13:to_lower	16	static
a6_lib.c:469:13:wait_resp	16	static
a6_lib.c:480:13:search_check	24	static
a6_lib.c:504:7:flush_buffer	16	static
a6_lib.c:515:13:a6_process_data	16	static
a6_lib.c:543:13:a6_send_cmd	24	static
a6_lib.c:553:6:USART1_IRQHandler	8	static
