core_cm4.h:1688:22:__NVIC_EnableIRQ	16	static
rtc.c:40:6:rtc_init	8	static
rtc.c:94:6:rtc_alarm_init	8	static
rtc.c:157:13:rtc_alma_set_mask	16	static
rtc.c:163:13:rtc_date_config	24	static
rtc.c:177:13:rtc_time_config	24	static
rtc.c:191:13:rtc_alma_config_time	24	static
rtc.c:202:13:rtc_set_async_prescaler	16	static
rtc.c:209:13:rtc_set_synch_prescaler	16	static
rtc.c:214:13:rtc_enable_init_mode	4	static
rtc.c:219:17:rtc_isActiveflag_init	4	static
rtc.c:224:17:rtc_init_seq	8	static
rtc.c:237:13:rtc_exit_init_mode	4	static
rtc.c:244:6:rtc_clearflag_rs	4	static
rtc.c:250:18:rtc_isActiveflag_rs	4	static
rtc.c:255:17:wait_for_synchro	8	static
rtc.c:269:17:exit_init_seq	8	static
rtc.c:280:9:rtc_convert_bin2bcd	16	static
rtc.c:285:9:rtc_convert_bcd2bin	16	static
rtc.c:292:10:rtc_date_get_day	4	static
rtc.c:297:10:rtc_date_get_year	4	static
rtc.c:303:10:rtc_date_get_month	4	static
rtc.c:308:10:rtc_time_get_second	4	static
rtc.c:313:10:rtc_time_get_minute	4	static
rtc.c:319:10:rtc_time_get_hour	4	static
