Archive member included to satisfy reference by file (symbol)

c:/st/stm32cubeide_1.6.1/stm32cubeide/plugins/com.st.stm32cube.ide.mcu.externaltools.gnu-tools-for-stm32.9-2020-q2-update.win32_1.5.0.202011040924/tools/bin/../lib/gcc/arm-none-eabi/9.3.1/../../../../arm-none-eabi/lib/thumb/v7e-m+fp/hard\libc_nano.a(lib_a-errno.o)
                              Src/syscalls.o (__errno)
c:/st/stm32cubeide_1.6.1/stm32cubeide/plugins/com.st.stm32cube.ide.mcu.externaltools.gnu-tools-for-stm32.9-2020-q2-update.win32_1.5.0.202011040924/tools/bin/../lib/gcc/arm-none-eabi/9.3.1/../../../../arm-none-eabi/lib/thumb/v7e-m+fp/hard\libc_nano.a(lib_a-exit.o)
                              c:/st/stm32cubeide_1.6.1/stm32cubeide/plugins/com.st.stm32cube.ide.mcu.externaltools.gnu-tools-for-stm32.9-2020-q2-update.win32_1.5.0.202011040924/tools/bin/../lib/gcc/arm-none-eabi/9.3.1/../../../../arm-none-eabi/lib/thumb/v7e-m+fp/hard/crt0.o (exit)
c:/st/stm32cubeide_1.6.1/stm32cubeide/plugins/com.st.stm32cube.ide.mcu.externaltools.gnu-tools-for-stm32.9-2020-q2-update.win32_1.5.0.202011040924/tools/bin/../lib/gcc/arm-none-eabi/9.3.1/../../../../arm-none-eabi/lib/thumb/v7e-m+fp/hard\libc_nano.a(lib_a-impure.o)
                              c:/st/stm32cubeide_1.6.1/stm32cubeide/plugins/com.st.stm32cube.ide.mcu.externaltools.gnu-tools-for-stm32.9-2020-q2-update.win32_1.5.0.202011040924/tools/bin/../lib/gcc/arm-none-eabi/9.3.1/../../../../arm-none-eabi/lib/thumb/v7e-m+fp/hard\libc_nano.a(lib_a-exit.o) (_global_impure_ptr)
c:/st/stm32cubeide_1.6.1/stm32cubeide/plugins/com.st.stm32cube.ide.mcu.externaltools.gnu-tools-for-stm32.9-2020-q2-update.win32_1.5.0.202011040924/tools/bin/../lib/gcc/arm-none-eabi/9.3.1/../../../../arm-none-eabi/lib/thumb/v7e-m+fp/hard\libc_nano.a(lib_a-init.o)
                              c:/st/stm32cubeide_1.6.1/stm32cubeide/plugins/com.st.stm32cube.ide.mcu.externaltools.gnu-tools-for-stm32.9-2020-q2-update.win32_1.5.0.202011040924/tools/bin/../lib/gcc/arm-none-eabi/9.3.1/../../../../arm-none-eabi/lib/thumb/v7e-m+fp/hard/crt0.o (__libc_init_array)
c:/st/stm32cubeide_1.6.1/stm32cubeide/plugins/com.st.stm32cube.ide.mcu.externaltools.gnu-tools-for-stm32.9-2020-q2-update.win32_1.5.0.202011040924/tools/bin/../lib/gcc/arm-none-eabi/9.3.1/../../../../arm-none-eabi/lib/thumb/v7e-m+fp/hard\libc_nano.a(lib_a-memset.o)
                              c:/st/stm32cubeide_1.6.1/stm32cubeide/plugins/com.st.stm32cube.ide.mcu.externaltools.gnu-tools-for-stm32.9-2020-q2-update.win32_1.5.0.202011040924/tools/bin/../lib/gcc/arm-none-eabi/9.3.1/../../../../arm-none-eabi/lib/thumb/v7e-m+fp/hard/crt0.o (memset)
c:/st/stm32cubeide_1.6.1/stm32cubeide/plugins/com.st.stm32cube.ide.mcu.externaltools.gnu-tools-for-stm32.9-2020-q2-update.win32_1.5.0.202011040924/tools/bin/../lib/gcc/arm-none-eabi/9.3.1/../../../../arm-none-eabi/lib/thumb/v7e-m+fp/hard\libc_nano.a(lib_a-printf.o)
                              Src/a6_lib.o (printf)
c:/st/stm32cubeide_1.6.1/stm32cubeide/plugins/com.st.stm32cube.ide.mcu.externaltools.gnu-tools-for-stm32.9-2020-q2-update.win32_1.5.0.202011040924/tools/bin/../lib/gcc/arm-none-eabi/9.3.1/../../../../arm-none-eabi/lib/thumb/v7e-m+fp/hard\libc_nano.a(lib_a-sprintf.o)
                              Src/main.o (sprintf)
c:/st/stm32cubeide_1.6.1/stm32cubeide/plugins/com.st.stm32cube.ide.mcu.externaltools.gnu-tools-for-stm32.9-2020-q2-update.win32_1.5.0.202011040924/tools/bin/../lib/gcc/arm-none-eabi/9.3.1/../../../../arm-none-eabi/lib/thumb/v7e-m+fp/hard\libc_nano.a(lib_a-strcat.o)
                              Src/a6_lib.o (strcat)
c:/st/stm32cubeide_1.6.1/stm32cubeide/plugins/com.st.stm32cube.ide.mcu.externaltools.gnu-tools-for-stm32.9-2020-q2-update.win32_1.5.0.202011040924/tools/bin/../lib/gcc/arm-none-eabi/9.3.1/../../../../arm-none-eabi/lib/thumb/v7e-m+fp/hard\libc_nano.a(lib_a-strcpy.o)
                              Src/a6_lib.o (strcpy)
c:/st/stm32cubeide_1.6.1/stm32cubeide/plugins/com.st.stm32cube.ide.mcu.externaltools.gnu-tools-for-stm32.9-2020-q2-update.win32_1.5.0.202011040924/tools/bin/../lib/gcc/arm-none-eabi/9.3.1/../../../../arm-none-eabi/lib/thumb/v7e-m+fp/hard\libc_nano.a(lib_a-strstr.o)
                              Src/a6_lib.o (strstr)
c:/st/stm32cubeide_1.6.1/stm32cubeide/plugins/com.st.stm32cube.ide.mcu.externaltools.gnu-tools-for-stm32.9-2020-q2-update.win32_1.5.0.202011040924/tools/bin/../lib/gcc/arm-none-eabi/9.3.1/../../../../arm-none-eabi/lib/thumb/v7e-m+fp/hard\libc_nano.a(lib_a-findfp.o)
                              c:/st/stm32cubeide_1.6.1/stm32cubeide/plugins/com.st.stm32cube.ide.mcu.externaltools.gnu-tools-for-stm32.9-2020-q2-update.win32_1.5.0.202011040924/tools/bin/../lib/gcc/arm-none-eabi/9.3.1/../../../../arm-none-eabi/lib/thumb/v7e-m+fp/hard\libc_nano.a(lib_a-printf.o) (__sinit)
[...]
Memory Configuration

Name             Origin             Length             Attributes
RAM              0x0000000020000000 0x0000000000020000 xrw
FLASH            0x0000000008000000 0x0000000000080000 xr
*default*        0x0000000000000000 0xffffffffffffffff

Linker script and memory map

LOAD c:/st/stm32cubeide_1.6.1/stm32cubeide/plugins/com.st.stm32cube.ide.mcu.externaltools.gnu-tools-for-stm32.9-2020-q2-update.win32_1.5.0.202011040924/tools/bin/../lib/gcc/arm-none-eabi/9.3.1/thumb/v7e-m+fp/hard/crti.o
LOAD c:/st/stm32cubeide_1.6.1/stm32cubeide/plugins/com.st.stm32cube.ide.mcu.externaltools.gnu-tools-for-stm32.9-2020-q2-update.win32_1.5.0.202011040924/tools/bin/../lib/gcc/arm-none-eabi/9.3.1/thumb/v7e-m+fp/hard/crtbegin.o
LOAD c:/st/stm32cubeide_1.6.1/stm32cubeide/plugins/com.st.stm32cube.ide.mcu.externaltools.gnu-tools-for-stm32.9-2020-q2-update.win32_1.5.0.202011040924/tools/bin/../lib/gcc/arm-none-eabi/9.3.1/../../../../arm-none-eabi/lib/thumb/v7e-m+fp/hard/crt0.o
LOAD Src/a6_driver.o
LOAD Src/a6_lib.o
LOAD Src/fifo.o
LOAD Src/hardware_modules.o
LOAD Src/main.o
LOAD Src/rtc.o
LOAD Src/syscalls.o
LOAD Src/sysmem.o
LOAD Startup/startup_stm32f411retx.o
START GROUP
LOAD c:/st/stm32cubeide_1.6.1/stm32cubeide/plugins/com.st.stm32cube.ide.mcu.externaltools.gnu-tools-for-stm32.9-2020-q2-update.win32_1.5.0.202011040924/tools/bin/../lib/gcc/arm-none-eabi/9.3.1/../../../../arm-none-eabi/lib/thumb/v7e-m+fp/hard\libc_nano.a
LOAD c:/st/stm32cubeide_1.6.1/stm32cubeide/plugins/com.st.stm32cube.ide.mcu.externaltools.gnu-tools-for-stm32.9-2020-q2-update.win32_1.5.0.202011040924/tools/bin/../lib/gcc/arm-none-eabi/9.3.1/../../../../arm-none-eabi/lib/thumb/v7e-m+fp/hard\libm.a
END GROUP
START GROUP
LOAD c:/st/stm32cubeide_1.6.1/stm32cubeide/plugins/com.st.stm32cube.ide.mcu.externaltools.gnu-tools-for-stm32.9-2020-q2-update.win32_1.5.0.202011040924/tools/bin/../lib/gcc/arm-none-eabi/9.3.1/thumb/v7e-m+fp/hard\libgcc.a
LOAD c:/st/stm32cubeide_1.6.1/stm32cubeide/plugins/com.st.stm32cube.ide.mcu.externaltools.gnu-tools-for-stm32.9-2020-q2-update.win32_1.5.0.202011040924/tools/bin/../lib/gcc/arm-none-eabi/9.3.1/../../../../arm-none-eabi/lib/thumb/v7e-m+fp/hard\libc_nano.a
END GROUP
START GROUP
LOAD c:/st/stm32cubeide_1.6.1/stm32cubeide/plugins/com.st.stm32cube.ide.mcu.externaltools.gnu-tools-for-stm32.9-2020-q2-update.win32_1.5.0.202011040924/tools/bin/../lib/gcc/arm-none-eabi/9.3.1/thumb/v7e-m+fp/hard\libgcc.a
LOAD c:/st/stm32cubeide_1.6.1/stm32cubeide/plugins/com.st.stm32cube.ide.mcu.externaltools.gnu-tools-for-stm32.9-2020-q2-update.win32_1.5.0.202011040924/tools/bin/../lib/gcc/arm-none-eabi/9.3.1/../../../../arm-none-eabi/lib/thumb/v7e-m+fp/hard\libc_nano.a
LOAD c:/st/stm32cubeide_1.6.1/stm32cubeide/plugins/com.st.stm32cube.ide.mcu.externaltools.gnu-tools-for-stm32.9-2020-q2-update.win32_1.5.0.202011040924/tools/bin/../lib/gcc/arm-none-eabi/9.3.1/../../../../arm-none-eabi/lib/thumb/v7e-m+fp/hard\libnosys.a
END GROUP
START GROUP
LOAD c:/st/stm32cubeide_1.6.1/stm32cubeide/plugins/com.st.stm32cube.ide.mcu.externaltools.gnu-tools-for-stm32.9-2020-q2-update.win32_1.5.0.202011040924/tools/bin/../lib/gcc/arm-none-eabi/9.3.1/thumb/v7e-m+fp/hard\libgcc.a
LOAD c:/st/stm32cubeide_1.6.1/stm32cubeide/plugins/com.st.stm32cube.ide.mcu.externaltools.gnu-tools-for-stm32.9-2020-q2-update.win32_1.5.0.202011040924/tools/bin/../lib/gcc/arm-none-eabi/9.3.1/../../../../arm-none-eabi/lib/thumb/v7e-m+fp/hard\libc_nano.a
LOAD c:/st/stm32cubeide_1.6.1/stm32cubeide/plugins/com.st.stm32cube.ide.mcu.externaltools.gnu-tools-for-stm32.9-2020-q2-update.win32_1.5.0.202011040924/tools/bin/../lib/gcc/arm-none-eabi/9.3.1/../../../../arm-none-eabi/lib/thumb/v7e-m+fp/hard\libnosys.a
END GROUP
LOAD c:/st/stm32cubeide_1.6.1/stm32cubeide/plugins/com.st.stm32cube.ide.mcu.externaltools.gnu-tools-for-stm32.9-2020-q2-update.win32_1.5.0.202011040924/tools/bin/../lib/gcc/arm-none-eabi/9.3.1/thumb/v7e-m+fp/hard/crtend.o
LOAD c:/st/stm32cubeide_1.6.1/stm32cubeide/plugins/com.st.stm32cube.ide.mcu.externaltools.gnu-tools-for-stm32.9-2020-q2-update.win32_1.5.0.202011040924/tools/bin/../lib/gcc/arm-none-eabi/9.3.1/thumb/v7e-m+fp/hard/crtn.o
                0x0000000020020000                _estack = (ORIGIN (RAM) + LENGTH (RAM))
                0x0000000000000200                _Min_Heap_Size = 0x200
                0x0000000000000400                _Min_Stack_Size = 0x400

.isr_vector     0x0000000008000000      0x198
                0x0000000008000000                . = ALIGN (0x4)
 *(.isr_vector)
 .isr_vector    0x0000000008000000      0x198 Startup/startup_stm32f411retx.o
                0x0000000008000000                g_pfnVectors
                0x0000000008000198                . = ALIGN (0x4)

.text           0x00000000080001a0     0x22b0
                0x00000000080001a0                . = ALIGN (0x4)
 *(.text)
 .text          0x00000000080001a0       0x40 c:/st/stm32cubeide_1.6.1/stm32cubeide/plugins/com.st.stm32cube.ide.mcu.externaltools.gnu-tools-for-stm32.9-2020-q2-update.win32_1.5.0.202011040924/tools/bin/../lib/gcc/arm-none-eabi/9.3.1/thumb/v7e-m+fp/hard/crtbegin.o
 .text          0x00000000080001e0       0xa0 c:/st/stm32cubeide_1.6.1/stm32cubeide/plugins/com.st.stm32cube.ide.mcu.externaltools.gnu-tools-for-stm32.9-2020-q2-update.win32_1.5.0.202011040924/tools/bin/../lib/gcc/arm-none-eabi/9.3.1/../../../../arm-none-eabi/lib/thumb/v7e-m+fp/hard\libc_nano.a(lib_a-memchr.o)
                0x00000000080001e0                memchr
 *(.text*)
 .text.__io_putchar
                0x0000000008000280       0x18 Src/a6_driver.o
                0x0000000008000280                __io_putchar
 .text.debug_uart_init
                0x0000000008000298       0xf0 Src/a6_driver.o
                0x0000000008000298                debug_uart_init
 .text.a6_uart_init
                0x0000000008000388       0xfc Src/a6_driver.o
                0x0000000008000388                a6_uart_init
 .text.a6_uart_write_char
                0x0000000008000484       0x30 Src/a6_driver.o
                0x0000000008000484                a6_uart_write_char
 .text.debug_uart_write
                0x00000000080004b4       0x30 Src/a6_driver.o
 .text.compute_uart_bd
                0x00000000080004e4       0x26 Src/a6_driver.o
 *fill*         0x000000000800050a        0x2 
 .text.systick_delay_ms
                0x000000000800050c       0x54 Src/a6_driver.o
                0x000000000800050c                systick_delay_ms
 .text.__NVIC_EnableIRQ
                0x0000000008000560       0x3c Src/a6_lib.o
 .text.a6_module_init
                0x000000000800059c       0x4c Src/a6_lib.o
                0x000000000800059c                a6_module_init
 .text.a6_set_sms_format_to_text
                0x00000000080005e8       0x68 Src/a6_lib.o
                0x00000000080005e8                a6_set_sms_format_to_text
 .text.a6_send_sms
                0x0000000008000650      0x100 Src/a6_lib.o
                0x0000000008000650                a6_send_sms
 .text.a6_delete_all_sms
                0x0000000008000750       0x68 Src/a6_lib.o
                0x0000000008000750                a6_delete_all_sms
 .text.a6_startup_test
                0x00000000080007b8       0x68 Src/a6_lib.o
 .text.a6_signal_quality
                0x0000000008000820       0x68 Src/a6_lib.o
 .text.a6_is_sms
                0x0000000008000888       0x30 Src/a6_lib.o
                0x0000000008000888                a6_is_sms
 .text.get_raw_sms
                0x00000000080008b8       0x54 Src/a6_lib.o
                0x00000000080008b8                get_raw_sms
 .text.get_sms_msg
                0x000000000800090c       0x54 Src/a6_lib.o
                0x000000000800090c                get_sms_msg
 .text.get_sender_number
                0x0000000008000960       0x54 Src/a6_lib.o
                0x0000000008000960                get_sender_number
 .text.a6_network_reg
                0x00000000080009b4       0x68 Src/a6_lib.o
 .text.a6_module_name
                0x0000000008000a1c       0x68 Src/a6_lib.o
 .text.cpy_to_uart
                0x0000000008000a84       0x38 Src/a6_lib.o
 .text.uart_output_char
                0x0000000008000abc       0x26 Src/a6_lib.o
 .text.to_lower
                0x0000000008000ae2       0x2c Src/a6_lib.o
 *fill*         0x0000000008000b0e        0x2 
 .text.wait_resp
                0x0000000008000b10       0x3c Src/a6_lib.o
 .text.search_check
                0x0000000008000b4c       0x6c Src/a6_lib.o
 .text.flush_buffer
                0x0000000008000bb8       0x40 Src/a6_lib.o
                0x0000000008000bb8                flush_buffer
 .text.a6_process_data
                0x0000000008000bf8       0x5c Src/a6_lib.o
 .text.a6_send_cmd
                0x0000000008000c54       0x38 Src/a6_lib.o
 .text.USART1_IRQHandler
                0x0000000008000c8c        0xc Src/a6_lib.o
                0x0000000008000c8c                USART1_IRQHandler
 .text.tx_fifo_init
                0x0000000008000c98       0x24 Src/fifo.o
                0x0000000008000c98                tx_fifo_init
 .text.tx_fifo_put
                0x0000000008000cbc       0x58 Src/fifo.o
                0x0000000008000cbc                tx_fifo_put
 .text.tx_fifo_get
                0x0000000008000d14       0x4c Src/fifo.o
                0x0000000008000d14                tx_fifo_get
 .text.tx_fifo_size
                0x0000000008000d60       0x20 Src/fifo.o
                0x0000000008000d60                tx_fifo_size
 .text.rx_fifo_init
                0x0000000008000d80       0x24 Src/fifo.o
                0x0000000008000d80                rx_fifo_init
 .text.light_init
                0x0000000008000da4       0x3c Src/hardware_modules.o
                0x0000000008000da4                light_init
 .text.light_on
                0x0000000008000de0       0x20 Src/hardware_modules.o
                0x0000000008000de0                light_on
 .text.light_off
                0x0000000008000e00       0x20 Src/hardware_modules.o
                0x0000000008000e00                light_off
 .text.main     0x0000000008000e20       0x80 Src/main.o
                0x0000000008000e20                main
 .text.process_cmd
                0x0000000008000ea0       0x4c Src/main.o
 .text.alarm_callback
                0x0000000008000eec        0xe Src/main.o
                0x0000000008000eec                alarm_callback
 *fill*         0x0000000008000efa        0x2 
 .text.RTC_Alarm_IRQHandler
                0x0000000008000efc       0x40 Src/main.o
                0x0000000008000efc                RTC_Alarm_IRQHandler
 .text.__NVIC_EnableIRQ
                0x0000000008000f3c       0x3c Src/rtc.o
 .text.rtc_init
                0x0000000008000f78       0xb4 Src/rtc.o
                0x0000000008000f78                rtc_init
 .text.rtc_alarm_init
                0x000000000800102c       0xb4 Src/rtc.o
                0x000000000800102c                rtc_alarm_init
 .text.rtc_alma_set_mask
                0x00000000080010e0       0x28 Src/rtc.o
 .text.rtc_date_config
                0x0000000008001108       0x50 Src/rtc.o
 .text.rtc_time_config
                0x0000000008001158       0x4c Src/rtc.o
 .text.rtc_alma_config_time
                0x00000000080011a4       0x4c Src/rtc.o
 .text.rtc_set_async_prescaler
                0x00000000080011f0       0x2c Src/rtc.o
 .text.rtc_set_synch_prescaler
                0x000000000800121c       0x2c Src/rtc.o
 .text.rtc_enable_init_mode
                0x0000000008001248       0x1c Src/rtc.o
 .text.rtc_isActiveflag_init
                0x0000000008001264       0x24 Src/rtc.o
 .text.rtc_init_seq
                0x0000000008001288       0x1a Src/rtc.o
 *fill*         0x00000000080012a2        0x2 
 .text.rtc_exit_init_mode
                0x00000000080012a4       0x18 Src/rtc.o
 .text.rtc_clearflag_rs
                0x00000000080012bc       0x24 Src/rtc.o
                0x00000000080012bc                rtc_clearflag_rs
 .text.rtc_isActiveflag_rs
                0x00000000080012e0       0x24 Src/rtc.o
 .text.wait_for_synchro
                0x0000000008001304       0x1a Src/rtc.o
 .text.exit_init_seq
                0x000000000800131e       0x12 Src/rtc.o
 .text._read    0x0000000008001330       0x3a Src/syscalls.o
                0x0000000008001330                _read
 .text._write   0x000000000800136a       0x38 Src/syscalls.o
                0x000000000800136a                _write
 .text._close   0x00000000080013a2       0x18 Src/syscalls.o
                0x00000000080013a2                _close
 .text._fstat   0x00000000080013ba       0x20 Src/syscalls.o
                0x00000000080013ba                _fstat
 .text._isatty  0x00000000080013da       0x16 Src/syscalls.o
                0x00000000080013da                _isatty
 .text._lseek   0x00000000080013f0       0x1a Src/syscalls.o
                0x00000000080013f0                _lseek
 *fill*         0x000000000800140a        0x2 
 .text._sbrk    0x000000000800140c       0x6c Src/sysmem.o
                0x000000000800140c                _sbrk
 .text.Reset_Handler
                0x0000000008001478       0x50 Startup/startup_stm32f411retx.o
                0x0000000008001478                Reset_Handler
 .text.Default_Handler
                0x00000000080014c8        0x2 Startup/startup_stm32f411retx.o
                0x00000000080014c8                EXTI2_IRQHandler
                0x00000000080014c8                DebugMon_Handler
                0x00000000080014c8                SPI4_IRQHandler
                0x00000000080014c8                TIM1_CC_IRQHandler
                0x00000000080014c8                DMA2_Stream5_IRQHandler
                0x00000000080014c8                HardFault_Handler
                0x00000000080014c8                DMA1_Stream5_IRQHandler
                0x00000000080014c8                SysTick_Handler
                0x00000000080014c8                PVD_IRQHandler
                0x00000000080014c8                SDIO_IRQHandler
                0x00000000080014c8                TAMP_STAMP_IRQHandler
                0x00000000080014c8                PendSV_Handler
                0x00000000080014c8                NMI_Handler
                0x00000000080014c8                EXTI3_IRQHandler
                0x00000000080014c8                TIM1_UP_TIM10_IRQHandler
                0x00000000080014c8                I2C3_ER_IRQHandler
                0x00000000080014c8                EXTI0_IRQHandler
                0x00000000080014c8                I2C2_EV_IRQHandler
                0x00000000080014c8                DMA1_Stream2_IRQHandler
                0x00000000080014c8                FPU_IRQHandler
                0x00000000080014c8                UsageFault_Handler
                0x00000000080014c8                DMA2_Stream2_IRQHandler
                0x00000000080014c8                SPI1_IRQHandler
                0x00000000080014c8                TIM1_BRK_TIM9_IRQHandler
                0x00000000080014c8                DMA2_Stream3_IRQHandler
                0x00000000080014c8                USART6_IRQHandler
                0x00000000080014c8                DMA2_Stream0_IRQHandler
                0x00000000080014c8                TIM4_IRQHandler
                0x00000000080014c8                I2C1_EV_IRQHandler
                0x00000000080014c8                DMA1_Stream6_IRQHandler
                0x00000000080014c8                DMA1_Stream1_IRQHandler
                0x00000000080014c8                TIM3_IRQHandler
                0x00000000080014c8                RCC_IRQHandler
                0x00000000080014c8                Default_Handler
                0x00000000080014c8                EXTI15_10_IRQHandler
                0x00000000080014c8                ADC_IRQHandler
                0x00000000080014c8                DMA1_Stream7_IRQHandler
                0x00000000080014c8                SPI5_IRQHandler
                0x00000000080014c8                TIM5_IRQHandler
                0x00000000080014c8                DMA2_Stream7_IRQHandler
                0x00000000080014c8                I2C3_EV_IRQHandler
                0x00000000080014c8                EXTI9_5_IRQHandler
                0x00000000080014c8                RTC_WKUP_IRQHandler
                0x00000000080014c8                SPI2_IRQHandler
                0x00000000080014c8                MemManage_Handler
                0x00000000080014c8                DMA1_Stream0_IRQHandler
                0x00000000080014c8                SVC_Handler
                0x00000000080014c8                EXTI4_IRQHandler
                0x00000000080014c8                WWDG_IRQHandler
                0x00000000080014c8                TIM2_IRQHandler
                0x00000000080014c8                OTG_FS_WKUP_IRQHandler
                0x00000000080014c8                TIM1_TRG_COM_TIM11_IRQHandler
                0x00000000080014c8                EXTI1_IRQHandler
                0x00000000080014c8                USART2_IRQHandler
                0x00000000080014c8                I2C2_ER_IRQHandler
                0x00000000080014c8                DMA2_Stream1_IRQHandler
                0x00000000080014c8                FLASH_IRQHandler
                0x00000000080014c8                DMA2_Stream4_IRQHandler
                0x00000000080014c8                BusFault_Handler
                0x00000000080014c8                OTG_FS_IRQHandler
                0x00000000080014c8                SPI3_IRQHandler
                0x00000000080014c8                DMA1_Stream4_IRQHandler
                0x00000000080014c8                I2C1_ER_IRQHandler
                0x00000000080014c8                DMA2_Stream6_IRQHandler
                0x00000000080014c8                DMA1_Stream3_IRQHandler
 *fill*         0x00000000080014ca        0x2 
 .text.__errno  0x00000000080014cc        0xc c:/st/stm32cubeide_1.6.1/stm32cubeide/plugins/com.st.stm32cube.ide.mcu.externaltools.gnu-tools-for-stm32.9-2020-q2-update.win32_1.5.0.202011040924/tools/bin/../lib/gcc/arm-none-eabi/9.3.1/../../../../arm-none-eabi/lib/thumb/v7e-m+fp/hard\libc_nano.a(lib_a-errno.o)
                0x00000000080014cc                __errno
 .text.__libc_init_array
                0x00000000080014d8       0x48 c:/st/stm32cubeide_1.6.1/stm32cubeide/plugins/com.st.stm32cube.ide.mcu.externaltools.gnu-tools-for-stm32.9-2020-q2-update.win32_1.5.0.202011040924/tools/bin/../lib/gcc/arm-none-eabi/9.3.1/../../../../arm-none-eabi/lib/thumb/v7e-m+fp/hard\libc_nano.a(lib_a-init.o)
                0x00000000080014d8                __libc_init_array
 .text.memset   0x0000000008001520       0x10 c:/st/stm32cubeide_1.6.1/stm32cubeide/plugins/com.st.stm32cube.ide.mcu.externaltools.gnu-tools-for-stm32.9-2020-q2-update.win32_1.5.0.202011040924/tools/bin/../lib/gcc/arm-none-eabi/9.3.1/../../../../arm-none-eabi/lib/thumb/v7e-m+fp/hard\libc_nano.a(lib_a-memset.o)
                0x0000000008001520                memset
 .text.printf   0x0000000008001530       0x30 c:/st/stm32cubeide_1.6.1/stm32cubeide/plugins/com.st.stm32cube.ide.mcu.externaltools.gnu-tools-for-stm32.9-2020-q2-update.win32_1.5.0.202011040924/tools/bin/../lib/gcc/arm-none-eabi/9.3.1/../../../../arm-none-eabi/lib/thumb/v7e-m+fp/hard\libc_nano.a(lib_a-printf.o)
                0x0000000008001530                iprintf
                0x0000000008001530                printf
 .text.strcat   0x0000000008001560       0x1e c:/st/stm32cubeide_1.6.1/stm32cubeide/plugins/com.st.stm32cube.ide.mcu.externaltools.gnu-tools-for-stm32.9-2020-q2-update.win32_1.5.0.202011040924/tools/bin/../lib/gcc/arm-none-eabi/9.3.1/../../../../arm-none-eabi/lib/thumb/v7e-m+fp/hard\libc_nano.a(lib_a-strcat.o)
                0x0000000008001560                strcat
 .text.strcpy   0x000000000800157e       0x10 c:/st/stm32cubeide_1.6.1/stm32cubeide/plugins/com.st.stm32cube.ide.mcu.externaltools.gnu-tools-for-stm32.9-2020-q2-update.win32_1.5.0.202011040924/tools/bin/../lib/gcc/arm-none-eabi/9.3.1/../../../../arm-none-eabi/lib/thumb/v7e-m+fp/hard\libc_nano.a(lib_a-strcpy.o)
                0x000000000800157e                strcpy
 .text.strstr   0x000000000800158e       0x2e c:/st/stm32cubeide_1.6.1/stm32cubeide/plugins/com.st.stm32cube.ide.mcu.externaltools.gnu-tools-for-stm32.9-2020-q2-update.win32_1.5.0.202011040924/tools/bin/../lib/gcc/arm-none-eabi/9.3.1/../../../../arm-none-eabi/lib/thumb/v7e-m+fp/hard\libc_nano.a(lib_a-strstr.o)
                0x000000000800158e                strstr
 .text.std      0x00000000080015bc       0x48 c:/st/stm32cubeide_1.6.1/stm32cubeide/plugins/com.st.stm32cube.ide.mcu.externaltools.gnu-tools-for-stm32.9-2020-q2-update.win32_1.5.0.202011040924/tools/bin/../lib/gcc/arm-none-eabi/9.3.1/../../../../arm-none-eabi/lib/thumb/v7e-m+fp/hard\libc_nano.a(lib_a-findfp.o)
 .text._cleanup_r
                0x0000000008001604        0xc c:/st/stm32cubeide_1.6.1/stm32cubeide/plugins/com.st.stm32cube.ide.mcu.externaltools.gnu-tools-for-stm32.9-2020-q2-update.win32_1.5.0.202011040924/tools/bin/../lib/gcc/arm-none-eabi/9.3.1/../../../../arm-none-eabi/lib/thumb/v7e-m+fp/hard\libc_nano.a(lib_a-findfp.o)
                0x0000000008001604                _cleanup_r
 .text.__sfmoreglue
                0x0000000008001610       0x2c c:/st/stm32cubeide_1.6.1/stm32cubeide/plugins/com.st.stm32cube.ide.mcu.externaltools.gnu-tools-for-stm32.9-2020-q2-update.win32_1.5.0.202011040924/tools/bin/../lib/gcc/arm-none-eabi/9.3.1/../../../../arm-none-eabi/lib/thumb/v7e-m+fp/hard\libc_nano.a(lib_a-findfp.o)
                0x0000000008001610                __sfmoreglue
 .text.__sfp_lock_acquire
                0x000000000800163c        0xc c:/st/stm32cubeide_1.6.1/stm32cubeide/plugins/com.st.stm32cube.ide.mcu.externaltools.gnu-tools-for-stm32.9-2020-q2-update.win32_1.5.0.202011040924/tools/bin/../lib/gcc/arm-none-eabi/9.3.1/../../../../arm-none-eabi/lib/thumb/v7e-m+fp/hard\libc_nano.a(lib_a-findfp.o)
                0x000000000800163c                __sfp_lock_acquire
 .text.__sfp_lock_release
                0x0000000008001648        0xc c:/st/stm32cubeide_1.6.1/stm32cubeide/plugins/com.st.stm32cube.ide.mcu.externaltools.gnu-tools-for-stm32.9-2020-q2-update.win32_1.5.0.202011040924/tools/bin/../lib/gcc/arm-none-eabi/9.3.1/../../../../arm-none-eabi/lib/thumb/v7e-m+fp/hard\libc_nano.a(lib_a-findfp.o)
                0x0000000008001648                __sfp_lock_release
 .text.__sinit_lock_acquire
                0x0000000008001654        0xc c:/st/stm32cubeide_1.6.1/stm32cubeide/plugins/com.st.stm32cube.ide.mcu.externaltools.gnu-tools-for-stm32.9-2020-q2-update.win32_1.5.0.202011040924/tools/bin/../lib/gcc/arm-none-eabi/9.3.1/../../../../arm-none-eabi/lib/thumb/v7e-m+fp/hard\libc_nano.a(lib_a-findfp.o)
                0x0000000008001654                __sinit_lock_acquire
 .text.__sinit_lock_release
                0x0000000008001660        0xc c:/st/stm32cubeide_1.6.1/stm32cubeide/plugins/com.st.stm32cube.ide.mcu.externaltools.gnu-tools-for-stm32.9-2020-q2-update.win32_1.5.0.202011040924/tools/bin/../lib/gcc/arm-none-eabi/9.3.1/../../../../arm-none-eabi/lib/thumb/v7e-m+fp/hard\libc_nano.a(lib_a-findfp.o)
                0x0000000008001660                __sinit_lock_release
 .text.__sinit  0x000000000800166c       0x70 c:/st/stm32cubeide_1.6.1/stm32cubeide/plugins/com.st.stm32cube.ide.mcu.externaltools.gnu-tools-for-stm32.9-2020-q2-update.win32_1.5.0.202011040924/tools/bin/../lib/gcc/arm-none-eabi/9.3.1/../../../../arm-none-eabi/lib/thumb/v7e-m+fp/hard\libc_nano.a(lib_a-findfp.o)
                0x000000000800166c                __sinit
 .text.__sfp    0x00000000080016dc       0x8c c:/st/stm32cubeide_1.6.1/stm32cubeide/plugins/com.st.stm32cube.ide.mcu.externaltools.gnu-tools-for-stm32.9-2020-q2-update.win32_1.5.0.202011040924/tools/bin/../lib/gcc/arm-none-eabi/9.3.1/../../../../arm-none-eabi/lib/thumb/v7e-m+fp/hard\libc_nano.a(lib_a-findfp.o)
                0x00000000080016dc                __sfp
 .text._fwalk_reent
                0x0000000008001768       0x3e c:/st/stm32cubeide_1.6.1/stm32cubeide/plugins/com.st.stm32cube.ide.mcu.externaltools.gnu-tools-for-stm32.9-2020-q2-update.win32_1.5.0.202011040924/tools/bin/../lib/gcc/arm-none-eabi/9.3.1/../../../../arm-none-eabi/lib/thumb/v7e-m+fp/hard\libc_nano.a(lib_a-fwalk.o)
                0x0000000008001768                _fwalk_reent
 .text.__retarget_lock_init_recursive
                0x00000000080017a6        0x2 c:/st/stm32cubeide_1.6.1/stm32cubeide/plugins/com.st.stm32cube.ide.mcu.externaltools.gnu-tools-for-stm32.9-2020-q2-update.win32_1.5.0.202011040924/tools/bin/../lib/gcc/arm-none-eabi/9.3.1/../../../../arm-none-eabi/lib/thumb/v7e-m+fp/hard\libc_nano.a(lib_a-lock.o)
                0x00000000080017a6                __retarget_lock_init_recursive
 .text.__retarget_lock_acquire_recursive
                0x00000000080017a8        0x2 c:/st/stm32cubeide_1.6.1/stm32cubeide/plugins/com.st.stm32cube.ide.mcu.externaltools.gnu-tools-for-stm32.9-2020-q2-update.win32_1.5.0.202011040924/tools/bin/../lib/gcc/arm-none-eabi/9.3.1/../../../../arm-none-eabi/lib/thumb/v7e-m+fp/hard\libc_nano.a(lib_a-lock.o)
                0x00000000080017a8                __retarget_lock_acquire_recursive
 .text.__retarget_lock_release_recursive
                0x00000000080017aa        0x2 c:/st/stm32cubeide_1.6.1/stm32cubeide/plugins/com.st.stm32cube.ide.mcu.externaltools.gnu-tools-for-stm32.9-2020-q2-update.win32_1.5.0.202011040924/tools/bin/../lib/gcc/arm-none-eabi/9.3.1/../../../../arm-none-eabi/lib/thumb/v7e-m+fp/hard\libc_nano.a(lib_a-lock.o)
                0x00000000080017aa                __retarget_lock_release_recursive
 .text._malloc_r
                0x00000000080017ac       0xb4 c:/st/stm32cubeide_1.6.1/stm32cubeide/plugins/com.st.stm32cube.ide.mcu.externaltools.gnu-tools-for-stm32.9-2020-q2-update.win32_1.5.0.202011040924/tools/bin/../lib/gcc/arm-none-eabi/9.3.1/../../../../arm-none-eabi/lib/thumb/v7e-m+fp/hard\libc_nano.a(lib_a-nano-mallocr.o)
                0x00000000080017ac                _malloc_r
 .text.__sfputc_r
                0x0000000008001860       0x2e c:/st/stm32cubeide_1.6.1/stm32cubeide/plugins/com.st.stm32cube.ide.mcu.externaltools.gnu-tools-for-stm32.9-2020-q2-update.win32_1.5.0.202011040924/tools/bin/../lib/gcc/arm-none-eabi/9.3.1/../../../../arm-none-eabi/lib/thumb/v7e-m+fp/hard\libc_nano.a(lib_a-nano-vfprintf.o)
 .text.__sfputs_r
                0x000000000800188e       0x24 c:/st/stm32cubeide_1.6.1/stm32cubeide/plugins/com.st.stm32cube.ide.mcu.externaltools.gnu-tools-for-stm32.9-2020-q2-update.win32_1.5.0.202011040924/tools/bin/../lib/gcc/arm-none-eabi/9.3.1/../../../../arm-none-eabi/lib/thumb/v7e-m+fp/hard\libc_nano.a(lib_a-nano-vfprintf.o)
                0x000000000800188e                __sfputs_r
 *fill*         0x00000000080018b2        0x2 
 .text._vfprintf_r
                0x00000000080018b4      0x260 c:/st/stm32cubeide_1.6.1/stm32cubeide/plugins/com.st.stm32cube.ide.mcu.externaltools.gnu-tools-for-stm32.9-2020-q2-update.win32_1.5.0.202011040924/tools/bin/../lib/gcc/arm-none-eabi/9.3.1/../../../../arm-none-eabi/lib/thumb/v7e-m+fp/hard\libc_nano.a(lib_a-nano-vfprintf.o)
                0x00000000080018b4                _vfprintf_r
                0x00000000080018b4                _vfiprintf_r
 .text._printf_common
                0x0000000008001b14       0xda c:/st/stm32cubeide_1.6.1/stm32cubeide/plugins/com.st.stm32cube.ide.mcu.externaltools.gnu-tools-for-stm32.9-2020-q2-update.win32_1.5.0.202011040924/tools/bin/../lib/gcc/arm-none-eabi/9.3.1/../../../../arm-none-eabi/lib/thumb/v7e-m+fp/hard\libc_nano.a(lib_a-nano-vfprintf_i.o)
                0x0000000008001b14                _printf_common
 *fill*         0x0000000008001bee        0x2 
 .text._printf_i
                0x0000000008001bf0      0x24c c:/st/stm32cubeide_1.6.1/stm32cubeide/plugins/com.st.stm32cube.ide.mcu.externaltools.gnu-tools-for-stm32.9-2020-q2-update.win32_1.5.0.202011040924/tools/bin/../lib/gcc/arm-none-eabi/9.3.1/../../../../arm-none-eabi/lib/thumb/v7e-m+fp/hard\libc_nano.a(lib_a-nano-vfprintf_i.o)
                0x0000000008001bf0                _printf_i
 .text._sbrk_r  0x0000000008001e3c       0x20 c:/st/stm32cubeide_1.6.1/stm32cubeide/plugins/com.st.stm32cube.ide.mcu.externaltools.gnu-tools-for-stm32.9-2020-q2-update.win32_1.5.0.202011040924/tools/bin/../lib/gcc/arm-none-eabi/9.3.1/../../../../arm-none-eabi/lib/thumb/v7e-m+fp/hard\libc_nano.a(lib_a-sbrkr.o)
                0x0000000008001e3c                _sbrk_r
 .text.__sread  0x0000000008001e5c       0x22 c:/st/stm32cubeide_1.6.1/stm32cubeide/plugins/com.st.stm32cube.ide.mcu.externaltools.gnu-tools-for-stm32.9-2020-q2-update.win32_1.5.0.202011040924/tools/bin/../lib/gcc/arm-none-eabi/9.3.1/../../../../arm-none-eabi/lib/thumb/v7e-m+fp/hard\libc_nano.a(lib_a-stdio.o)
                0x0000000008001e5c                __sread
 .text.__swrite
                0x0000000008001e7e       0x38 c:/st/stm32cubeide_1.6.1/stm32cubeide/plugins/com.st.stm32cube.ide.mcu.externaltools.gnu-tools-for-stm32.9-2020-q2-update.win32_1.5.0.202011040924/tools/bin/../lib/gcc/arm-none-eabi/9.3.1/../../../../arm-none-eabi/lib/thumb/v7e-m+fp/hard\libc_nano.a(lib_a-stdio.o)
                0x0000000008001e7e                __swrite
 .text.__sseek  0x0000000008001eb6       0x24 c:/st/stm32cubeide_1.6.1/stm32cubeide/plugins/com.st.stm32cube.ide.mcu.externaltools.gnu-tools-for-stm32.9-2020-q2-update.win32_1.5.0.202011040924/tools/bin/../lib/gcc/arm-none-eabi/9.3.1/../../../../arm-none-eabi/lib/thumb/v7e-m+fp/hard\libc_nano.a(lib_a-stdio.o)
                0x0000000008001eb6                __sseek
 .text.__sclose
                0x0000000008001eda        0x8 c:/st/stm32cubeide_1.6.1/stm32cubeide/plugins/com.st.stm32cube.ide.mcu.externaltools.gnu-tools-for-stm32.9-2020-q2-update.win32_1.5.0.202011040924/tools/bin/../lib/gcc/arm-none-eabi/9.3.1/../../../../arm-none-eabi/lib/thumb/v7e-m+fp/hard\libc_nano.a(lib_a-stdio.o)
                0x0000000008001eda                __sclose
 *fill*         0x0000000008001ee2        0x2 
 .text.__swbuf_r
                0x0000000008001ee4       0xa4 c:/st/stm32cubeide_1.6.1/stm32cubeide/plugins/com.st.stm32cube.ide.mcu.externaltools.gnu-tools-for-stm32.9-2020-q2-update.win32_1.5.0.202011040924/tools/bin/../lib/gcc/arm-none-eabi/9.3.1/../../../../arm-none-eabi/lib/thumb/v7e-m+fp/hard\libc_nano.a(lib_a-wbuf.o)
                0x0000000008001ee4                __swbuf_r
 .text._write_r
                0x0000000008001f88       0x24 c:/st/stm32cubeide_1.6.1/stm32cubeide/plugins/com.st.stm32cube.ide.mcu.externaltools.gnu-tools-for-stm32.9-2020-q2-update.win32_1.5.0.202011040924/tools/bin/../lib/gcc/arm-none-eabi/9.3.1/../../../../arm-none-eabi/lib/thumb/v7e-m+fp/hard\libc_nano.a(lib_a-writer.o)
                0x0000000008001f88                _write_r
 .text.__swsetup_r
                0x0000000008001fac       0xdc c:/st/stm32cubeide_1.6.1/stm32cubeide/plugins/com.st.stm32cube.ide.mcu.externaltools.gnu-tools-for-stm32.9-2020-q2-update.win32_1.5.0.202011040924/tools/bin/../lib/gcc/arm-none-eabi/9.3.1/../../../../arm-none-eabi/lib/thumb/v7e-m+fp/hard\libc_nano.a(lib_a-wsetup.o)
                0x0000000008001fac                __swsetup_r
 .text._close_r
                0x0000000008002088       0x20 c:/st/stm32cubeide_1.6.1/stm32cubeide/plugins/com.st.stm32cube.ide.mcu.externaltools.gnu-tools-for-stm32.9-2020-q2-update.win32_1.5.0.202011040924/tools/bin/../lib/gcc/arm-none-eabi/9.3.1/../../../../arm-none-eabi/lib/thumb/v7e-m+fp/hard\libc_nano.a(lib_a-closer.o)
                0x0000000008002088                _close_r
 .text.__sflush_r
                0x00000000080020a8      0x10c c:/st/stm32cubeide_1.6.1/stm32cubeide/plugins/com.st.stm32cube.ide.mcu.externaltools.gnu-tools-for-stm32.9-2020-q2-update.win32_1.5.0.202011040924/tools/bin/../lib/gcc/arm-none-eabi/9.3.1/../../../../arm-none-eabi/lib/thumb/v7e-m+fp/hard\libc_nano.a(lib_a-fflush.o)
                0x00000000080020a8                __sflush_r
 .text._fflush_r
                0x00000000080021b4       0x78 c:/st/stm32cubeide_1.6.1/stm32cubeide/plugins/com.st.stm32cube.ide.mcu.externaltools.gnu-tools-for-stm32.9-2020-q2-update.win32_1.5.0.202011040924/tools/bin/../lib/gcc/arm-none-eabi/9.3.1/../../../../arm-none-eabi/lib/thumb/v7e-m+fp/hard\libc_nano.a(lib_a-fflush.o)
                0x00000000080021b4                _fflush_r
 .text._lseek_r
                0x000000000800222c       0x24 c:/st/stm32cubeide_1.6.1/stm32cubeide/plugins/com.st.stm32cube.ide.mcu.externaltools.gnu-tools-for-stm32.9-2020-q2-update.win32_1.5.0.202011040924/tools/bin/../lib/gcc/arm-none-eabi/9.3.1/../../../../arm-none-eabi/lib/thumb/v7e-m+fp/hard\libc_nano.a(lib_a-lseekr.o)
                0x000000000800222c                _lseek_r
 .text.__swhatbuf_r
                0x0000000008002250       0x48 c:/st/stm32cubeide_1.6.1/stm32cubeide/plugins/com.st.stm32cube.ide.mcu.externaltools.gnu-tools-for-stm32.9-2020-q2-update.win32_1.5.0.202011040924/tools/bin/../lib/gcc/arm-none-eabi/9.3.1/../../../../arm-none-eabi/lib/thumb/v7e-m+fp/hard\libc_nano.a(lib_a-makebuf.o)
                0x0000000008002250                __swhatbuf_r
 .text.__smakebuf_r
                0x0000000008002298       0x80 c:/st/stm32cubeide_1.6.1/stm32cubeide/plugins/com.st.stm32cube.ide.mcu.externaltools.gnu-tools-for-stm32.9-2020-q2-update.win32_1.5.0.202011040924/tools/bin/../lib/gcc/arm-none-eabi/9.3.1/../../../../arm-none-eabi/lib/thumb/v7e-m+fp/hard\libc_nano.a(lib_a-makebuf.o)
                0x0000000008002298                __smakebuf_r
 .text.__malloc_lock
                0x0000000008002318        0xc c:/st/stm32cubeide_1.6.1/stm32cubeide/plugins/com.st.stm32cube.ide.mcu.externaltools.gnu-tools-for-stm32.9-2020-q2-update.win32_1.5.0.202011040924/tools/bin/../lib/gcc/arm-none-eabi/9.3.1/../../../../arm-none-eabi/lib/thumb/v7e-m+fp/hard\libc_nano.a(lib_a-mlock.o)
                0x0000000008002318                __malloc_lock
 .text.__malloc_unlock
                0x0000000008002324        0xc c:/st/stm32cubeide_1.6.1/stm32cubeide/plugins/com.st.stm32cube.ide.mcu.externaltools.gnu-tools-for-stm32.9-2020-q2-update.win32_1.5.0.202011040924/tools/bin/../lib/gcc/arm-none-eabi/9.3.1/../../../../arm-none-eabi/lib/thumb/v7e-m+fp/hard\libc_nano.a(lib_a-mlock.o)
                0x0000000008002324                __malloc_unlock
 .text._free_r  0x0000000008002330       0xa0 c:/st/stm32cubeide_1.6.1/stm32cubeide/plugins/com.st.stm32cube.ide.mcu.externaltools.gnu-tools-for-stm32.9-2020-q2-update.win32_1.5.0.202011040924/tools/bin/../lib/gcc/arm-none-eabi/9.3.1/../../../../arm-none-eabi/lib/thumb/v7e-m+fp/hard\libc_nano.a(lib_a-nano-freer.o)
                0x0000000008002330                _free_r
 .text._read_r  0x00000000080023d0       0x24 c:/st/stm32cubeide_1.6.1/stm32cubeide/plugins/com.st.stm32cube.ide.mcu.externaltools.gnu-tools-for-stm32.9-2020-q2-update.win32_1.5.0.202011040924/tools/bin/../lib/gcc/arm-none-eabi/9.3.1/../../../../arm-none-eabi/lib/thumb/v7e-m+fp/hard\libc_nano.a(lib_a-readr.o)
                0x00000000080023d0                _read_r
 .text._fstat_r
                0x00000000080023f4       0x24 c:/st/stm32cubeide_1.6.1/stm32cubeide/plugins/com.st.stm32cube.ide.mcu.externaltools.gnu-tools-for-stm32.9-2020-q2-update.win32_1.5.0.202011040924/tools/bin/../lib/gcc/arm-none-eabi/9.3.1/../../../../arm-none-eabi/lib/thumb/v7e-m+fp/hard\libc_nano.a(lib_a-fstatr.o)
                0x00000000080023f4                _fstat_r
 .text._isatty_r
                0x0000000008002418       0x20 c:/st/stm32cubeide_1.6.1/stm32cubeide/plugins/com.st.stm32cube.ide.mcu.externaltools.gnu-tools-for-stm32.9-2020-q2-update.win32_1.5.0.202011040924/tools/bin/../lib/gcc/arm-none-eabi/9.3.1/../../../../arm-none-eabi/lib/thumb/v7e-m+fp/hard\libc_nano.a(lib_a-isattyr.o)
                0x0000000008002418                _isatty_r
 *(.glue_7)
 .glue_7        0x0000000008002438        0x0 linker stubs
 *(.glue_7t)
 .glue_7t       0x0000000008002438        0x0 linker stubs
 *(.eh_frame)
 .eh_frame      0x0000000008002438        0x0 c:/st/stm32cubeide_1.6.1/stm32cubeide/plugins/com.st.stm32cube.ide.mcu.externaltools.gnu-tools-for-stm32.9-2020-q2-update.win32_1.5.0.202011040924/tools/bin/../lib/gcc/arm-none-eabi/9.3.1/thumb/v7e-m+fp/hard/crtbegin.o
 *(.init)
 .init          0x0000000008002438        0x4 c:/st/stm32cubeide_1.6.1/stm32cubeide/plugins/com.st.stm32cube.ide.mcu.externaltools.gnu-tools-for-stm32.9-2020-q2-update.win32_1.5.0.202011040924/tools/bin/../lib/gcc/arm-none-eabi/9.3.1/thumb/v7e-m+fp/hard/crti.o
                0x0000000008002438                _init
 .init          0x000000000800243c        0x8 c:/st/stm32cubeide_1.6.1/stm32cubeide/plugins/com.st.stm32cube.ide.mcu.externaltools.gnu-tools-for-stm32.9-2020-q2-update.win32_1.5.0.202011040924/tools/bin/../lib/gcc/arm-none-eabi/9.3.1/thumb/v7e-m+fp/hard/crtn.o
 *(.fini)
 .fini          0x0000000008002444        0x4 c:/st/stm32cubeide_1.6.1/stm32cubeide/plugins/com.st.stm32cube.ide.mcu.externaltools.gnu-tools-for-stm32.9-2020-q2-update.win32_1.5.0.202011040924/tools/bin/../lib/gcc/arm-none-eabi/9.3.1/thumb/v7e-m+fp/hard/crti.o
                0x0000000008002444                _fini
 .fini          0x0000000008002448        0x8 c:/st/stm32cubeide_1.6.1/stm32cubeide/plugins/com.st.stm32cube.ide.mcu.externaltools.gnu-tools-for-stm32.9-2020-q2-update.win32_1.5.0.202011040924/tools/bin/../lib/gcc/arm-none-eabi/9.3.1/thumb/v7e-m+fp/hard/crtn.o
                0x0000000008002450                . = ALIGN (0x4)
                0x0000000008002450                _etext = .

.vfp11_veneer   0x0000000008002450        0x0
 .vfp11_veneer  0x0000000008002450        0x0 linker stubs

.v4_bx          0x0000000008002450        0x0
 .v4_bx         0x0000000008002450        0x0 linker stubs

.iplt           0x0000000008002450        0x0
 .iplt          0x0000000008002450        0x0 c:/st/stm32cubeide_1.6.1/stm32cubeide/plugins/com.st.stm32cube.ide.mcu.externaltools.gnu-tools-for-stm32.9-2020-q2-update.win32_1.5.0.202011040924/tools/bin/../lib/gcc/arm-none-eabi/9.3.1/thumb/v7e-m+fp/hard/crtbegin.o

.rodata         0x0000000008002450      0x3dc
                0x0000000008002450                . = ALIGN (0x4)
 *(.rodata)
 .rodata        0x0000000008002450      0x2f9 Src/a6_lib.o
 *fill*         0x0000000008002749        0x3 
 .rodata        0x000000000800274c       0x47 Src/main.o
 *(.rodata*)
 *fill*         0x0000000008002793        0x1 
 .rodata._global_impure_ptr
                0x0000000008002794        0x4 c:/st/stm32cubeide_1.6.1/stm32cubeide/plugins/com.st.stm32cube.ide.mcu.externaltools.gnu-tools-for-stm32.9-2020-q2-update.win32_1.5.0.202011040924/tools/bin/../lib/gcc/arm-none-eabi/9.3.1/../../../../arm-none-eabi/lib/thumb/v7e-m+fp/hard\libc_nano.a(lib_a-impure.o)
                0x0000000008002794                _global_impure_ptr
 .rodata.__sf_fake_stderr
                0x0000000008002798       0x20 c:/st/stm32cubeide_1.6.1/stm32cubeide/plugins/com.st.stm32cube.ide.mcu.externaltools.gnu-tools-for-stm32.9-2020-q2-update.win32_1.5.0.202011040924/tools/bin/../lib/gcc/arm-none-eabi/9.3.1/../../../../arm-none-eabi/lib/thumb/v7e-m+fp/hard\libc_nano.a(lib_a-findfp.o)
                0x0000000008002798                __sf_fake_stderr
 .rodata.__sf_fake_stdin
                0x00000000080027b8       0x20 c:/st/stm32cubeide_1.6.1/stm32cubeide/plugins/com.st.stm32cube.ide.mcu.externaltools.gnu-tools-for-stm32.9-2020-q2-update.win32_1.5.0.202011040924/tools/bin/../lib/gcc/arm-none-eabi/9.3.1/../../../../arm-none-eabi/lib/thumb/v7e-m+fp/hard\libc_nano.a(lib_a-findfp.o)
                0x00000000080027b8                __sf_fake_stdin
 .rodata.__sf_fake_stdout
                0x00000000080027d8       0x20 c:/st/stm32cubeide_1.6.1/stm32cubeide/plugins/com.st.stm32cube.ide.mcu.externaltools.gnu-tools-for-stm32.9-2020-q2-update.win32_1.5.0.202011040924/tools/bin/../lib/gcc/arm-none-eabi/9.3.1/../../../../arm-none-eabi/lib/thumb/v7e-m+fp/hard\libc_nano.a(lib_a-findfp.o)
                0x00000000080027d8                __sf_fake_stdout
 .rodata._vfprintf_r.str1.1
                0x00000000080027f8       0x11 c:/st/stm32cubeide_1.6.1/stm32cubeide/plugins/com.st.stm32cube.ide.mcu.externaltools.gnu-tools-for-stm32.9-2020-q2-update.win32_1.5.0.202011040924/tools/bin/../lib/gcc/arm-none-eabi/9.3.1/../../../../arm-none-eabi/lib/thumb/v7e-m+fp/hard\libc_nano.a(lib_a-nano-vfprintf.o)
 .rodata._printf_i.str1.1
                0x0000000008002809       0x22 c:/st/stm32cubeide_1.6.1/stm32cubeide/plugins/com.st.stm32cube.ide.mcu.externaltools.gnu-tools-for-stm32.9-2020-q2-update.win32_1.5.0.202011040924/tools/bin/../lib/gcc/arm-none-eabi/9.3.1/../../../../arm-none-eabi/lib/thumb/v7e-m+fp/hard\libc_nano.a(lib_a-nano-vfprintf_i.o)
                0x000000000800282c                . = ALIGN (0x4)
 *fill*         0x000000000800282b        0x1 

.rel.dyn        0x000000000800282c        0x0
 .rel.iplt      0x000000000800282c        0x0 c:/st/stm32cubeide_1.6.1/stm32cubeide/plugins/com.st.stm32cube.ide.mcu.externaltools.gnu-tools-for-stm32.9-2020-q2-update.win32_1.5.0.202011040924/tools/bin/../lib/gcc/arm-none-eabi/9.3.1/thumb/v7e-m+fp/hard/crtbegin.o

.ARM.extab      0x000000000800282c        0x0
                0x000000000800282c                . = ALIGN (0x4)
 *(.ARM.extab* .gnu.linkonce.armextab.*)
                0x000000000800282c                . = ALIGN (0x4)

.ARM            0x000000000800282c        0x0
                0x000000000800282c                . = ALIGN (0x4)
                0x000000000800282c                __exidx_start = .
 *(.ARM.exidx*)
                0x000000000800282c                __exidx_end = .
                0x000000000800282c                . = ALIGN (0x4)

.preinit_array  0x000000000800282c        0x0
                0x000000000800282c                . = ALIGN (0x4)
                0x000000000800282c                PROVIDE (__preinit_array_start = .)
 *(.preinit_array*)
                0x000000000800282c                PROVIDE (__preinit_array_end = .)
                0x000000000800282c                . = ALIGN (0x4)

.init_array     0x000000000800282c        0x4
                0x000000000800282c                . = ALIGN (0x4)
                0x000000000800282c                PROVIDE (__init_array_start = .)
 *(SORT_BY_NAME(.init_array.*))
 *(.init_array*)
 .init_array    0x000000000800282c        0x4 c:/st/stm32cubeide_1.6.1/stm32cubeide/plugins/com.st.stm32cube.ide.mcu.externaltools.gnu-tools-for-stm32.9-2020-q2-update.win32_1.5.0.202011040924/tools/bin/../lib/gcc/arm-none-eabi/9.3.1/thumb/v7e-m+fp/hard/crtbegin.o
                0x0000000008002830                PROVIDE (__init_array_end = .)
                0x0000000008002830                . = ALIGN (0x4)

.fini_array     0x0000000008002830        0x4
                0x0000000008002830                . = ALIGN (0x4)
                [!provide]                        PROVIDE (__fini_array_start = .)
 *(SORT_BY_NAME(.fini_array.*))
 *(.fini_array*)
 .fini_array    0x0000000008002830        0x4 c:/st/stm32cubeide_1.6.1/stm32cubeide/plugins/com.st.stm32cube.ide.mcu.externaltools.gnu-tools-for-stm32.9-2020-q2-update.win32_1.5.0.202011040924/tools/bin/../lib/gcc/arm-none-eabi/9.3.1/thumb/v7e-m+fp/hard/crtbegin.o
                [!provide]                        PROVIDE (__fini_array_end = .)
                0x0000000008002834                . = ALIGN (0x4)
                0x0000000008002834                _sidata = LOADADDR (.data)

.data           0x0000000020000000       0x90 load address 0x0000000008002834
                0x0000000020000000                . = ALIGN (0x4)
                0x0000000020000000                _sdata = .
 *(.data)
 *(.data*)
 .data.receiver_number
                0x0000000020000000        0xb Src/main.o
                0x0000000020000000                receiver_number
 *fill*         0x000000002000000b        0x1 
 .data.sms_message
                0x000000002000000c       0x20 Src/main.o
                0x000000002000000c                sms_message
 .data._impure_ptr
                0x000000002000002c        0x4 c:/st/stm32cubeide_1.6.1/stm32cubeide/plugins/com.st.stm32cube.ide.mcu.externaltools.gnu-tools-for-stm32.9-2020-q2-update.win32_1.5.0.202011040924/tools/bin/../lib/gcc/arm-none-eabi/9.3.1/../../../../arm-none-eabi/lib/thumb/v7e-m+fp/hard\libc_nano.a(lib_a-impure.o)
                0x000000002000002c                _impure_ptr
 .data.impure_data
                0x0000000020000030       0x60 c:/st/stm32cubeide_1.6.1/stm32cubeide/plugins/com.st.stm32cube.ide.mcu.externaltools.gnu-tools-for-stm32.9-2020-q2-update.win32_1.5.0.202011040924/tools/bin/../lib/gcc/arm-none-eabi/9.3.1/../../../../arm-none-eabi/lib/thumb/v7e-m+fp/hard\libc_nano.a(lib_a-impure.o)
 *(.RamFunc)
 *(.RamFunc*)
                0x0000000020000090                . = ALIGN (0x4)
                0x0000000020000090                _edata = .

.igot.plt       0x0000000020000090        0x0 load address 0x00000000080028c4
 .igot.plt      0x0000000020000090        0x0 c:/st/stm32cubeide_1.6.1/stm32cubeide/plugins/com.st.stm32cube.ide.mcu.externaltools.gnu-tools-for-stm32.9-2020-q2-update.win32_1.5.0.202011040924/tools/bin/../lib/gcc/arm-none-eabi/9.3.1/thumb/v7e-m+fp/hard/crtbegin.o
                0x0000000020000090                . = ALIGN (0x4)

.bss            0x0000000020000090      0x6c0 load address 0x00000000080028c4
                0x0000000020000090                _sbss = .
                0x0000000020000090                __bss_start__ = _sbss
 *(.bss)
 .bss           0x0000000020000090       0x1c c:/st/stm32cubeide_1.6.1/stm32cubeide/plugins/com.st.stm32cube.ide.mcu.externaltools.gnu-tools-for-stm32.9-2020-q2-update.win32_1.5.0.202011040924/tools/bin/../lib/gcc/arm-none-eabi/9.3.1/thumb/v7e-m+fp/hard/crtbegin.o
 *(.bss*)
 .bss.searching
                0x00000000200000ac        0x1 Src/a6_lib.o
                0x00000000200000ac                searching
 .bss.is_response
                0x00000000200000ad        0x1 Src/a6_lib.o
                0x00000000200000ad                is_response
 *fill*         0x00000000200000ae        0x2 
 .bss.search_idx
                0x00000000200000b0        0x4 Src/a6_lib.o
                0x00000000200000b0                search_idx
 .bss.itr       0x00000000200000b4        0x4 Src/a6_lib.o
                0x00000000200000b4                itr
 .bss.sender_number
                0x00000000200000b8        0xd Src/a6_lib.o
                0x00000000200000b8                sender_number
 *fill*         0x00000000200000c5        0x3 
 .bss.raw_msg   0x00000000200000c8       0xc8 Src/a6_lib.o
                0x00000000200000c8                raw_msg
 .bss.sms_msg   0x0000000020000190       0x46 Src/a6_lib.o
                0x0000000020000190                sms_msg
 .bss.SMS_NOTIF
                0x00000000200001d6        0x1 Src/a6_lib.o
                0x00000000200001d6                SMS_NOTIF
 *fill*         0x00000000200001d7        0x1 
 .bss.TX_FIFO   0x00000000200001d8      0x400 Src/fifo.o
 .bss.__sbrk_heap_end
                0x00000000200005d8        0x4 Src/sysmem.o
 .bss.__malloc_free_list
                0x00000000200005dc        0x4 c:/st/stm32cubeide_1.6.1/stm32cubeide/plugins/com.st.stm32cube.ide.mcu.externaltools.gnu-tools-for-stm32.9-2020-q2-update.win32_1.5.0.202011040924/tools/bin/../lib/gcc/arm-none-eabi/9.3.1/../../../../arm-none-eabi/lib/thumb/v7e-m+fp/hard\libc_nano.a(lib_a-nano-mallocr.o)
                0x00000000200005dc                __malloc_free_list
 .bss.__malloc_sbrk_start
                0x00000000200005e0        0x4 c:/st/stm32cubeide_1.6.1/stm32cubeide/plugins/com.st.stm32cube.ide.mcu.externaltools.gnu-tools-for-stm32.9-2020-q2-update.win32_1.5.0.202011040924/tools/bin/../lib/gcc/arm-none-eabi/9.3.1/../../../../arm-none-eabi/lib/thumb/v7e-m+fp/hard\libc_nano.a(lib_a-nano-mallocr.o)
                0x00000000200005e0                __malloc_sbrk_start
 *(COMMON)
 COMMON         0x00000000200005e4      0x14c Src/a6_lib.o
                0x00000000200005e4                sub_str
                0x0000000020000604                temp_buffer
 COMMON         0x0000000020000730       0x10 Src/fifo.o
                0x0000000020000730                rx_put_itr
                0x0000000020000734                rx_get_itr
                0x0000000020000738                tx_get_itr
                0x000000002000073c                tx_put_itr
 COMMON         0x0000000020000740        0x9 c:/st/stm32cubeide_1.6.1/stm32cubeide/plugins/com.st.stm32cube.ide.mcu.externaltools.gnu-tools-for-stm32.9-2020-q2-update.win32_1.5.0.202011040924/tools/bin/../lib/gcc/arm-none-eabi/9.3.1/../../../../arm-none-eabi/lib/thumb/v7e-m+fp/hard\libc_nano.a(lib_a-lock.o)
                0x0000000020000740                __lock___atexit_recursive_mutex
                0x0000000020000741                __lock___arc4random_mutex
                0x0000000020000742                __lock___env_recursive_mutex
                0x0000000020000743                __lock___sinit_recursive_mutex
                0x0000000020000744                __lock___malloc_recursive_mutex
                0x0000000020000745                __lock___at_quick_exit_mutex
                0x0000000020000746                __lock___dd_hash_mutex
                0x0000000020000747                __lock___tz_mutex
                0x0000000020000748                __lock___sfp_recursive_mutex
 *fill*         0x0000000020000749        0x3 
 COMMON         0x000000002000074c        0x4 c:/st/stm32cubeide_1.6.1/stm32cubeide/plugins/com.st.stm32cube.ide.mcu.externaltools.gnu-tools-for-stm32.9-2020-q2-update.win32_1.5.0.202011040924/tools/bin/../lib/gcc/arm-none-eabi/9.3.1/../../../../arm-none-eabi/lib/thumb/v7e-m+fp/hard\libc_nano.a(lib_a-reent.o)
                0x000000002000074c                errno
                0x0000000020000750                . = ALIGN (0x4)
                0x0000000020000750                _ebss = .
                0x0000000020000750                __bss_end__ = _ebss

._user_heap_stack
                0x0000000020000750      0x600 load address 0x00000000080028c4
                0x0000000020000750                . = ALIGN (0x8)
                [!provide]                        PROVIDE (end = .)
                0x0000000020000750                PROVIDE (_end = .)
                0x0000000020000950                . = (. + _Min_Heap_Size)
 *fill*         0x0000000020000750      0x200 
                0x0000000020000d50                . = (. + _Min_Stack_Size)
 *fill*         0x0000000020000950      0x400 
                0x0000000020000d50                . = ALIGN (0x8)

/DISCARD/
 libc.a(*)
 libm.a(*)
 libgcc.a(*)

.ARM.attributes
                0x0000000000000000       0x30
 *(.ARM.attributes)
 .ARM.attributes
                0x0000000000000000       0x1e c:/st/stm32cubeide_1.6.1/stm32cubeide/plugins/com.st.stm32cube.ide.mcu.externaltools.gnu-tools-for-stm32.9-2020-q2-update.win32_1.5.0.202011040924/tools/bin/../lib/gcc/arm-none-eabi/9.3.1/thumb/v7e-m+fp/hard/crti.o
 .ARM.attributes
                0x000000000000001e       0x34 c:/st/stm32cubeide_1.6.1/stm32cubeide/plugins/com.st.stm32cube.ide.mcu.externaltools.gnu-tools-for-stm32.9-2020-q2-update.win32_1.5.0.202011040924/tools/bin/../lib/gcc/arm-none-eabi/9.3.1/thumb/v7e-m+fp/hard/crtbegin.o
 .ARM.attributes
                0x0000000000000052       0x34 Src/a6_driver.o
 .ARM.attributes
                0x0000000000000086       0x34 Src/a6_lib.o
 .ARM.attributes
                0x00000000000000ba       0x34 Src/fifo.o
 .ARM.attributes
                0x00000000000000ee       0x34 Src/hardware_modules.o
 .ARM.attributes
                0x0000000000000122       0x34 Src/main.o
 .ARM.attributes
                0x0000000000000156       0x34 Src/rtc.o
 .ARM.attributes
                0x000000000000018a       0x34 Src/syscalls.o
 .ARM.attributes
                0x00000000000001be       0x34 Src/sysmem.o
 .ARM.attributes
                0x00000000000001f2       0x21 Startup/startup_stm32f411retx.o
 .ARM.attributes
                0x0000000000000213       0x34 c:/st/stm32cubeide_1.6.1/stm32cubeide/plugins/com.st.stm32cube.ide.mcu.externaltools.gnu-tools-for-stm32.9-2020-q2-update.win32_1.5.0.202011040924/tools/bin/../lib/gcc/arm-none-eabi/9.3.1/../../../../arm-none-eabi/lib/thumb/v7e-m+fp/hard\libc_nano.a(lib_a-errno.o)
 .ARM.attributes
                0x0000000000000247       0x32 c:/st/stm32cubeide_1.6.1/stm32cubeide/plugins/com.st.stm32cube.ide.mcu.externaltools.gnu-tools-for-stm32.9-2020-q2-update.win32_1.5.0.202011040924/tools/bin/../lib/gcc/arm-none-eabi/9.3.1/../../../../arm-none-eabi/lib/thumb/v7e-m+fp/hard\libc_nano.a(lib_a-impure.o)
 .ARM.attributes
                0x0000000000000279       0x34 c:/st/stm32cubeide_1.6.1/stm32cubeide/plugins/com.st.stm32cube.ide.mcu.externaltools.gnu-tools-for-stm32.9-2020-q2-update.win32_1.5.0.202011040924/tools/bin/../lib/gcc/arm-none-eabi/9.3.1/../../../../arm-none-eabi/lib/thumb/v7e-m+fp/hard\libc_nano.a(lib_a-init.o)
 .ARM.attributes
                0x00000000000002ad       0x34 c:/st/stm32cubeide_1.6.1/stm32cubeide/plugins/com.st.stm32cube.ide.mcu.externaltools.gnu-tools-for-stm32.9-2020-q2-update.win32_1.5.0.202011040924/tools/bin/../lib/gcc/arm-none-eabi/9.3.1/../../../../arm-none-eabi/lib/thumb/v7e-m+fp/hard\libc_nano.a(lib_a-memset.o)
 .ARM.attributes
                0x00000000000002e1       0x34 c:/st/stm32cubeide_1.6.1/stm32cubeide/plugins/com.st.stm32cube.ide.mcu.externaltools.gnu-tools-for-stm32.9-2020-q2-update.win32_1.5.0.202011040924/tools/bin/../lib/gcc/arm-none-eabi/9.3.1/../../../../arm-none-eabi/lib/thumb/v7e-m+fp/hard\libc_nano.a(lib_a-printf.o)
 .ARM.attributes
                0x0000000000000315       0x34 c:/st/stm32cubeide_1.6.1/stm32cubeide/plugins/com.st.stm32cube.ide.mcu.externaltools.gnu-tools-for-stm32.9-2020-q2-update.win32_1.5.0.202011040924/tools/bin/../lib/gcc/arm-none-eabi/9.3.1/../../../../arm-none-eabi/lib/thumb/v7e-m+fp/hard\libc_nano.a(lib_a-strcat.o)
 .ARM.attributes
                0x0000000000000349       0x34 c:/st/stm32cubeide_1.6.1/stm32cubeide/plugins/com.st.stm32cube.ide.mcu.externaltools.gnu-tools-for-stm32.9-2020-q2-update.win32_1.5.0.202011040924/tools/bin/../lib/gcc/arm-none-eabi/9.3.1/../../../../arm-none-eabi/lib/thumb/v7e-m+fp/hard\libc_nano.a(lib_a-strcpy.o)
 .ARM.attributes
                0x000000000000037d       0x34 c:/st/stm32cubeide_1.6.1/stm32cubeide/plugins/com.st.stm32cube.ide.mcu.externaltools.gnu-tools-for-stm32.9-2020-q2-update.win32_1.5.0.202011040924/tools/bin/../lib/gcc/arm-none-eabi/9.3.1/../../../../arm-none-eabi/lib/thumb/v7e-m+fp/hard\libc_nano.a(lib_a-strstr.o)
 .ARM.attributes
                0x00000000000003b1       0x34 c:/st/stm32cubeide_1.6.1/stm32cubeide/plugins/com.st.stm32cube.ide.mcu.externaltools.gnu-tools-for-stm32.9-2020-q2-update.win32_1.5.0.202011040924/tools/bin/../lib/gcc/arm-none-eabi/9.3.1/../../../../arm-none-eabi/lib/thumb/v7e-m+fp/hard\libc_nano.a(lib_a-findfp.o)
 .ARM.attributes
                0x00000000000003e5       0x34 c:/st/stm32cubeide_1.6.1/stm32cubeide/plugins/com.st.stm32cube.ide.mcu.externaltools.gnu-tools-for-stm32.9-2020-q2-update.win32_1.5.0.202011040924/tools/bin/../lib/gcc/arm-none-eabi/9.3.1/../../../../arm-none-eabi/lib/thumb/v7e-m+fp/hard\libc_nano.a(lib_a-fwalk.o)
 .ARM.attributes
                0x0000000000000419       0x34 c:/st/stm32cubeide_1.6.1/stm32cubeide/plugins/com.st.stm32cube.ide.mcu.externaltools.gnu-tools-for-stm32.9-2020-q2-update.win32_1.5.0.202011040924/tools/bin/../lib/gcc/arm-none-eabi/9.3.1/../../../../arm-none-eabi/lib/thumb/v7e-m+fp/hard\libc_nano.a(lib_a-lock.o)
 .ARM.attributes
                0x000000000000044d       0x34 c:/st/stm32cubeide_1.6.1/stm32cubeide/plugins/com.st.stm32cube.ide.mcu.externaltools.gnu-tools-for-stm32.9-2020-q2-update.win32_1.5.0.202011040924/tools/bin/../lib/gcc/arm-none-eabi/9.3.1/../../../../arm-none-eabi/lib/thumb/v7e-m+fp/hard\libc_nano.a(lib_a-nano-mallocr.o)
 .ARM.attributes
                0x0000000000000481       0x34 c:/st/stm32cubeide_1.6.1/stm32cubeide/plugins/com.st.stm32cube.ide.mcu.externaltools.gnu-tools-for-stm32.9-2020-q2-update.win32_1.5.0.202011040924/tools/bin/../lib/gcc/arm-none-eabi/9.3.1/../../../../arm-none-eabi/lib/thumb/v7e-m+fp/hard\libc_nano.a(lib_a-nano-vfprintf.o)
 .ARM.attributes
                0x00000000000004b5       0x34 c:/st/stm32cubeide_1.6.1/stm32cubeide/plugins/com.st.stm32cube.ide.mcu.externaltools.gnu-tools-for-stm32.9-2020-q2-update.win32_1.5.0.202011040924/tools/bin/../lib/gcc/arm-none-eabi/9.3.1/../../../../arm-none-eabi/lib/thumb/v7e-m+fp/hard\libc_nano.a(lib_a-nano-vfprintf_i.o)
 .ARM.attributes
                0x00000000000004e9       0x34 c:/st/stm32cubeide_1.6.1/stm32cubeide/plugins/com.st.stm32cube.ide.mcu.externaltools.gnu-tools-for-stm32.9-2020-q2-update.win32_1.5.0.202011040924/tools/bin/../lib/gcc/arm-none-eabi/9.3.1/../../../../arm-none-eabi/lib/thumb/v7e-m+fp/hard\libc_nano.a(lib_a-sbrkr.o)
 .ARM.attributes
                0x000000000000051d       0x34 c:/st/stm32cubeide_1.6.1/stm32cubeide/plugins/com.st.stm32cube.ide.mcu.externaltools.gnu-tools-for-stm32.9-2020-q2-update.win32_1.5.0.202011040924/tools/bin/../lib/gcc/arm-none-eabi/9.3.1/../../../../arm-none-eabi/lib/thumb/v7e-m+fp/hard\libc_nano.a(lib_a-stdio.o)
 .ARM.attributes
                0x0000000000000551       0x34 c:/st/stm32cubeide_1.6.1/stm32cubeide/plugins/com.st.stm32cube.ide.mcu.externaltools.gnu-tools-for-stm32.9-2020-q2-update.win32_1.5.0.202011040924/tools/bin/../lib/gcc/arm-none-eabi/9.3.1/../../../../arm-none-eabi/lib/thumb/v7e-m+fp/hard\libc_nano.a(lib_a-wbuf.o)
 .ARM.attributes
                0x0000000000000585       0x34 c:/st/stm32cubeide_1.6.1/stm32cubeide/plugins/com.st.stm32cube.ide.mcu.externaltools.gnu-tools-for-stm32.9-2020-q2-update.win32_1.5.0.202011040924/tools/bin/../lib/gcc/arm-none-eabi/9.3.1/../../../../arm-none-eabi/lib/thumb/v7e-m+fp/hard\libc_nano.a(lib_a-writer.o)
 .ARM.attributes
                0x00000000000005b9       0x34 c:/st/stm32cubeide_1.6.1/stm32cubeide/plugins/com.st.stm32cube.ide.mcu.externaltools.gnu-tools-for-stm32.9-2020-q2-update.win32_1.5.0.202011040924/tools/bin/../lib/gcc/arm-none-eabi/9.3.1/../../../../arm-none-eabi/lib/thumb/v7e-m+fp/hard\libc_nano.a(lib_a-wsetup.o)
 .ARM.attributes
                0x00000000000005ed       0x34 c:/st/stm32cubeide_1.6.1/stm32cubeide/plugins/com.st.stm32cube.ide.mcu.externaltools.gnu-tools-for-stm32.9-2020-q2-update.win32_1.5.0.202011040924/tools/bin/../lib/gcc/arm-none-eabi/9.3.1/../../../../arm-none-eabi/lib/thumb/v7e-m+fp/hard\libc_nano.a(lib_a-closer.o)
 .ARM.attributes
                0x0000000000000621       0x34 c:/st/stm32cubeide_1.6.1/stm32cubeide/plugins/com.st.stm32cube.ide.mcu.externaltools.gnu-tools-for-stm32.9-2020-q2-update.win32_1.5.0.202011040924/tools/bin/../lib/gcc/arm-none-eabi/9.3.1/../../../../arm-none-eabi/lib/thumb/v7e-m+fp/hard\libc_nano.a(lib_a-fflush.o)
 .ARM.attributes
                0x0000000000000655       0x34 c:/st/stm32cubeide_1.6.1/stm32cubeide/plugins/com.st.stm32cube.ide.mcu.externaltools.gnu-tools-for-stm32.9-2020-q2-update.win32_1.5.0.202011040924/tools/bin/../lib/gcc/arm-none-eabi/9.3.1/../../../../arm-none-eabi/lib/thumb/v7e-m+fp/hard\libc_nano.a(lib_a-lseekr.o)
 .ARM.attributes
                0x0000000000000689       0x34 c:/st/stm32cubeide_1.6.1/stm32cubeide/plugins/com.st.stm32cube.ide.mcu.externaltools.gnu-tools-for-stm32.9-2020-q2-update.win32_1.5.0.202011040924/tools/bin/../lib/gcc/arm-none-eabi/9.3.1/../../../../arm-none-eabi/lib/thumb/v7e-m+fp/hard\libc_nano.a(lib_a-makebuf.o)
 .ARM.attributes
                0x00000000000006bd       0x1c c:/st/stm32cubeide_1.6.1/stm32cubeide/plugins/com.st.stm32cube.ide.mcu.externaltools.gnu-tools-for-stm32.9-2020-q2-update.win32_1.5.0.202011040924/tools/bin/../lib/gcc/arm-none-eabi/9.3.1/../../../../arm-none-eabi/lib/thumb/v7e-m+fp/hard\libc_nano.a(lib_a-memchr.o)
 .ARM.attributes
                0x00000000000006d9       0x34 c:/st/stm32cubeide_1.6.1/stm32cubeide/plugins/com.st.stm32cube.ide.mcu.externaltools.gnu-tools-for-stm32.9-2020-q2-update.win32_1.5.0.202011040924/tools/bin/../lib/gcc/arm-none-eabi/9.3.1/../../../../arm-none-eabi/lib/thumb/v7e-m+fp/hard\libc_nano.a(lib_a-mlock.o)
 .ARM.attributes
                0x000000000000070d       0x34 c:/st/stm32cubeide_1.6.1/stm32cubeide/plugins/com.st.stm32cube.ide.mcu.externaltools.gnu-tools-for-stm32.9-2020-q2-update.win32_1.5.0.202011040924/tools/bin/../lib/gcc/arm-none-eabi/9.3.1/../../../../arm-none-eabi/lib/thumb/v7e-m+fp/hard\libc_nano.a(lib_a-nano-freer.o)
 .ARM.attributes
                0x0000000000000741       0x34 c:/st/stm32cubeide_1.6.1/stm32cubeide/plugins/com.st.stm32cube.ide.mcu.externaltools.gnu-tools-for-stm32.9-2020-q2-update.win32_1.5.0.202011040924/tools/bin/../lib/gcc/arm-none-eabi/9.3.1/../../../../arm-none-eabi/lib/thumb/v7e-m+fp/hard\libc_nano.a(lib_a-readr.o)
 .ARM.attributes
                0x0000000000000775       0x34 c:/st/stm32cubeide_1.6.1/stm32cubeide/plugins/com.st.stm32cube.ide.mcu.externaltools.gnu-tools-for-stm32.9-2020-q2-update.win32_1.5.0.202011040924/tools/bin/../lib/gcc/arm-none-eabi/9.3.1/../../../../arm-none-eabi/lib/thumb/v7e-m+fp/hard\libc_nano.a(lib_a-reent.o)
 .ARM.attributes
                0x00000000000007a9       0x34 c:/st/stm32cubeide_1.6.1/stm32cubeide/plugins/com.st.stm32cube.ide.mcu.externaltools.gnu-tools-for-stm32.9-2020-q2-update.win32_1.5.0.202011040924/tools/bin/../lib/gcc/arm-none-eabi/9.3.1/../../../../arm-none-eabi/lib/thumb/v7e-m+fp/hard\libc_nano.a(lib_a-fstatr.o)
 .ARM.attributes
                0x00000000000007dd       0x34 c:/st/stm32cubeide_1.6.1/stm32cubeide/plugins/com.st.stm32cube.ide.mcu.externaltools.gnu-tools-for-stm32.9-2020-q2-update.win32_1.5.0.202011040924/tools/bin/../lib/gcc/arm-none-eabi/9.3.1/../../../../arm-none-eabi/lib/thumb/v7e-m+fp/hard\libc_nano.a(lib_a-isattyr.o)
 .ARM.attributes
                0x0000000000000811       0x1e c:/st/stm32cubeide_1.6.1/stm32cubeide/plugins/com.st.stm32cube.ide.mcu.externaltools.gnu-tools-for-stm32.9-2020-q2-update.win32_1.5.0.202011040924/tools/bin/../lib/gcc/arm-none-eabi/9.3.1/thumb/v7e-m+fp/hard/crtn.o
OUTPUT(13__A6_app_hdrw_ctrl_frm_sms.elf elf32-littlearm)
LOAD linker stubs
LOAD c:/st/stm32cubeide_1.6.1/stm32cubeide/plugins/com.st.stm32cube.ide.mcu.externaltools.gnu-tools-for-stm32.9-2020-q2-update.win32_1.5.0.202011040924/tools/bin/../lib/gcc/arm-none-eabi/9.3.1/../../../../arm-none-eabi/lib/thumb/v7e-m+fp/hard\libc.a
LOAD c:/st/stm32cubeide_1.6.1/stm32cubeide/plugins/com.st.stm32cube.ide.mcu.externaltools.gnu-tools-for-stm32.9-2020-q2-update.win32_1.5.0.202011040924/tools/bin/../lib/gcc/arm-none-eabi/9.3.1/../../../../arm-none-eabi/lib/thumb/v7e-m+fp/hard\libm.a
LOAD c:/st/stm32cubeide_1.6.1/stm32cubeide/plugins/com.st.stm32cube.ide.mcu.externaltools.gnu-tools-for-stm32.9-2020-q2-update.win32_1.5.0.202011040924/tools/bin/../lib/gcc/arm-none-eabi/9.3.1/thumb/v7e-m+fp/hard\libgcc.a

.debug_info     0x0000000000000000     0x5d51
 .debug_info    0x0000000000000000      0xe5b Src/a6_driver.o
 .debug_info    0x0000000000000e5b     0x134e Src/a6_lib.o
 .debug_info    0x00000000000021a9      0x256 Src/fifo.o
 .debug_info    0x00000000000023ff      0x57b Src/hardware_modules.o
 .debug_info    0x000000000000297a      0xdb8 Src/main.o
 .debug_info    0x0000000000003732      0xc30 Src/rtc.o
 .debug_info    0x0000000000004362      0xfa8 Src/syscalls.o
 .debug_info    0x000000000000530a      0xa25 Src/sysmem.o
 .debug_info    0x0000000000005d2f       0x22 Startup/startup_stm32f411retx.o

.debug_abbrev   0x0000000000000000     0x1150
 .debug_abbrev  0x0000000000000000      0x254 Src/a6_driver.o
 .debug_abbrev  0x0000000000000254      0x3c3 Src/a6_lib.o
 .debug_abbrev  0x0000000000000617       0xe7 Src/fifo.o
 .debug_abbrev  0x00000000000006fe      0x129 Src/hardware_modules.o
 .debug_abbrev  0x0000000000000827      0x236 Src/main.o
 .debug_abbrev  0x0000000000000a5d      0x29c Src/rtc.o
 .debug_abbrev  0x0000000000000cf9      0x286 Src/syscalls.o
 .debug_abbrev  0x0000000000000f7f      0x1bf Src/sysmem.o
 .debug_abbrev  0x000000000000113e       0x12 Startup/startup_stm32f411retx.o

.debug_aranges  0x0000000000000000      0x3e8
 .debug_aranges
                0x0000000000000000       0x50 Src/a6_driver.o
 .debug_aranges
                0x0000000000000050       0xd8 Src/a6_lib.o
 .debug_aranges
                0x0000000000000128       0x58 Src/fifo.o
 .debug_aranges
                0x0000000000000180       0x58 Src/hardware_modules.o
 .debug_aranges
                0x00000000000001d8       0x40 Src/main.o
 .debug_aranges
                0x0000000000000218       0xe0 Src/rtc.o
 .debug_aranges
                0x00000000000002f8       0xa8 Src/syscalls.o
 .debug_aranges
                0x00000000000003a0       0x20 Src/sysmem.o
 .debug_aranges
                0x00000000000003c0       0x28 Startup/startup_stm32f411retx.o

.debug_ranges   0x0000000000000000      0x360
 .debug_ranges  0x0000000000000000       0x40 Src/a6_driver.o
 .debug_ranges  0x0000000000000040       0xc8 Src/a6_lib.o
 .debug_ranges  0x0000000000000108       0x48 Src/fifo.o
 .debug_ranges  0x0000000000000150       0x48 Src/hardware_modules.o
 .debug_ranges  0x0000000000000198       0x30 Src/main.o
 .debug_ranges  0x00000000000001c8       0xd0 Src/rtc.o
 .debug_ranges  0x0000000000000298       0x98 Src/syscalls.o
 .debug_ranges  0x0000000000000330       0x10 Src/sysmem.o
 .debug_ranges  0x0000000000000340       0x20 Startup/startup_stm32f411retx.o

.debug_macro    0x0000000000000000    0x1035e
 .debug_macro   0x0000000000000000      0x290 Src/a6_driver.o
 .debug_macro   0x0000000000000290      0xab4 Src/a6_driver.o
 .debug_macro   0x0000000000000d44       0x22 Src/a6_driver.o
 .debug_macro   0x0000000000000d66       0x8e Src/a6_driver.o
 .debug_macro   0x0000000000000df4       0x51 Src/a6_driver.o
 .debug_macro   0x0000000000000e45      0x103 Src/a6_driver.o
 .debug_macro   0x0000000000000f48       0x6a Src/a6_driver.o
 .debug_macro   0x0000000000000fb2      0x1df Src/a6_driver.o
 .debug_macro   0x0000000000001191       0x52 Src/a6_driver.o
 .debug_macro   0x00000000000011e3       0x18 Src/a6_driver.o
 .debug_macro   0x00000000000011fb       0x3c Src/a6_driver.o
 .debug_macro   0x0000000000001237       0x34 Src/a6_driver.o
 .debug_macro   0x000000000000126b       0x16 Src/a6_driver.o
 .debug_macro   0x0000000000001281       0x97 Src/a6_driver.o
 .debug_macro   0x0000000000001318      0x339 Src/a6_driver.o
 .debug_macro   0x0000000000001651       0xfd Src/a6_driver.o
 .debug_macro   0x000000000000174e       0x10 Src/a6_driver.o
 .debug_macro   0x000000000000175e       0x16 Src/a6_driver.o
 .debug_macro   0x0000000000001774       0x43 Src/a6_driver.o
 .debug_macro   0x00000000000017b7       0x34 Src/a6_driver.o
 .debug_macro   0x00000000000017eb       0x10 Src/a6_driver.o
 .debug_macro   0x00000000000017fb       0x58 Src/a6_driver.o
 .debug_macro   0x0000000000001853       0x71 Src/a6_driver.o
 .debug_macro   0x00000000000018c4       0x1c Src/a6_driver.o
 .debug_macro   0x00000000000018e0      0x12a Src/a6_driver.o
 .debug_macro   0x0000000000001a0a       0x10 Src/a6_driver.o
 .debug_macro   0x0000000000001a1a       0x1c Src/a6_driver.o
 .debug_macro   0x0000000000001a36       0x52 Src/a6_driver.o
 .debug_macro   0x0000000000001a88       0x22 Src/a6_driver.o
 .debug_macro   0x0000000000001aaa       0x10 Src/a6_driver.o
 .debug_macro   0x0000000000001aba       0x40 Src/a6_driver.o
 .debug_macro   0x0000000000001afa       0xd5 Src/a6_driver.o
 .debug_macro   0x0000000000001bcf       0x1c Src/a6_driver.o
 .debug_macro   0x0000000000001beb       0x3d Src/a6_driver.o
 .debug_macro   0x0000000000001c28       0x16 Src/a6_driver.o
 .debug_macro   0x0000000000001c3e      0x145 Src/a6_driver.o
 .debug_macro   0x0000000000001d83       0x28 Src/a6_driver.o
 .debug_macro   0x0000000000001dab       0x28 Src/a6_driver.o
 .debug_macro   0x0000000000001dd3       0x1c Src/a6_driver.o
 .debug_macro   0x0000000000001def       0x22 Src/a6_driver.o
 .debug_macro   0x0000000000001e11       0xd9 Src/a6_driver.o
 .debug_macro   0x0000000000001eea     0x102d Src/a6_driver.o
 .debug_macro   0x0000000000002f17      0x11f Src/a6_driver.o
 .debug_macro   0x0000000000003036     0xb937 Src/a6_driver.o
 .debug_macro   0x000000000000e96d       0x43 Src/a6_driver.o
 .debug_macro   0x000000000000e9b0      0x2d9 Src/a6_lib.o
 .debug_macro   0x000000000000ec89       0x34 Src/a6_lib.o
 .debug_macro   0x000000000000ecbd       0x16 Src/a6_lib.o
 .debug_macro   0x000000000000ecd3       0x35 Src/a6_lib.o
 .debug_macro   0x000000000000ed08       0x16 Src/a6_lib.o
 .debug_macro   0x000000000000ed1e       0x29 Src/a6_lib.o
 .debug_macro   0x000000000000ed47       0x16 Src/a6_lib.o
 .debug_macro   0x000000000000ed5d       0x20 Src/a6_lib.o
 .debug_macro   0x000000000000ed7d       0x22 Src/a6_lib.o
 .debug_macro   0x000000000000ed9f       0x16 Src/a6_lib.o
 .debug_macro   0x000000000000edb5       0x72 Src/fifo.o
 .debug_macro   0x000000000000ee27       0x2e Src/fifo.o
 .debug_macro   0x000000000000ee55      0x11d Src/hardware_modules.o
 .debug_macro   0x000000000000ef72       0xdf Src/hardware_modules.o
 .debug_macro   0x000000000000f051      0x2da Src/main.o
 .debug_macro   0x000000000000f32b       0x1c Src/main.o
 .debug_macro   0x000000000000f347      0x155 Src/rtc.o
 .debug_macro   0x000000000000f49c       0x16 Src/rtc.o
 .debug_macro   0x000000000000f4b2      0x24c Src/syscalls.o
 .debug_macro   0x000000000000f6fe       0x4c Src/syscalls.o
 .debug_macro   0x000000000000f74a       0x94 Src/syscalls.o
 .debug_macro   0x000000000000f7de       0x57 Src/syscalls.o
 .debug_macro   0x000000000000f835      0x174 Src/syscalls.o
 .debug_macro   0x000000000000f9a9       0x10 Src/syscalls.o
 .debug_macro   0x000000000000f9b9       0x10 Src/syscalls.o
 .debug_macro   0x000000000000f9c9       0x10 Src/syscalls.o
 .debug_macro   0x000000000000f9d9       0x35 Src/syscalls.o
 .debug_macro   0x000000000000fa0e      0x12c Src/syscalls.o
 .debug_macro   0x000000000000fb3a       0x10 Src/syscalls.o
 .debug_macro   0x000000000000fb4a      0x241 Src/syscalls.o
 .debug_macro   0x000000000000fd8b       0x1c Src/syscalls.o
 .debug_macro   0x000000000000fda7       0x10 Src/syscalls.o
 .debug_macro   0x000000000000fdb7      0x189 Src/syscalls.o
 .debug_macro   0x000000000000ff40       0x16 Src/syscalls.o
 .debug_macro   0x000000000000ff56       0xce Src/syscalls.o
 .debug_macro   0x0000000000010024       0xff Src/sysmem.o
 .debug_macro   0x0000000000010123      0x23b Src/sysmem.o

.debug_line     0x0000000000000000     0x3ea6
 .debug_line    0x0000000000000000      0x87b Src/a6_driver.o
 .debug_line    0x000000000000087b      0xc9d Src/a6_lib.o
 .debug_line    0x0000000000001518      0x490 Src/fifo.o
 .debug_line    0x00000000000019a8      0x61c Src/hardware_modules.o
 .debug_line    0x0000000000001fc4      0x8ba Src/main.o
 .debug_line    0x000000000000287e      0x8b4 Src/rtc.o
 .debug_line    0x0000000000003132      0x7fd Src/syscalls.o
 .debug_line    0x000000000000392f      0x4f3 Src/sysmem.o
 .debug_line    0x0000000000003e22       0x84 Startup/startup_stm32f411retx.o

.debug_str      0x0000000000000000    0x56274
 .debug_str     0x0000000000000000    0x53af9 Src/a6_driver.o
                                      0x53da5 (size before relaxing)
 .debug_str     0x0000000000053af9      0x840 Src/a6_lib.o
                                      0x5436d (size before relaxing)
 .debug_str     0x0000000000054339       0xcc Src/fifo.o
                                       0x3e46 (size before relaxing)
 .debug_str     0x0000000000054405      0x197 Src/hardware_modules.o
                                      0x4f995 (size before relaxing)
 .debug_str     0x000000000005459c      0x1e5 Src/main.o
                                      0x53ee9 (size before relaxing)
 .debug_str     0x0000000000054781      0x3ff Src/rtc.o
                                      0x500b0 (size before relaxing)
 .debug_str     0x0000000000054b80     0x165d Src/syscalls.o
                                       0x8efd (size before relaxing)
 .debug_str     0x00000000000561dd       0x66 Src/sysmem.o
                                       0x62d0 (size before relaxing)
 .debug_str     0x0000000000056243       0x31 Startup/startup_stm32f411retx.o
                                         0x90 (size before relaxing)

.comment        0x0000000000000000       0x53
 .comment       0x0000000000000000       0x53 Src/a6_driver.o
                                         0x54 (size before relaxing)
 .comment       0x0000000000000053       0x54 Src/a6_lib.o
 .comment       0x0000000000000053       0x54 Src/fifo.o
 .comment       0x0000000000000053       0x54 Src/hardware_modules.o
 .comment       0x0000000000000053       0x54 Src/main.o
 .comment       0x0000000000000053       0x54 Src/rtc.o
 .comment       0x0000000000000053       0x54 Src/syscalls.o
 .comment       0x0000000000000053       0x54 Src/sysmem.o

.debug_frame    0x0000000000000000     0x163c
 .debug_frame   0x0000000000000000      0x10c Src/a6_driver.o
 .debug_frame   0x000000000000010c      0x370 Src/a6_lib.o
 .debug_frame   0x000000000000047c      0x130 Src/fifo.o
 .debug_frame   0x00000000000005ac      0x110 Src/hardware_modules.o
 .debug_frame   0x00000000000006bc       0xb8 Src/main.o
 .debug_frame   0x0000000000000774      0x364 Src/rtc.o
 .debug_frame   0x0000000000000ad8      0x2ac Src/syscalls.o
 .debug_frame   0x0000000000000d84       0x34 Src/sysmem.o
 .debug_frame   0x0000000000000db8       0x20 c:/st/stm32cubeide_1.6.1/stm32cubeide/plugins/com.st.stm32cube.ide.mcu.externaltools.gnu-tools-for-stm32.9-2020-q2-update.win32_1.5.0.202011040924/tools/bin/../lib/gcc/arm-none-eabi/9.3.1/../../../../arm-none-eabi/lib/thumb/v7e-m+fp/hard\libc_nano.a(lib_a-errno.o)
 .debug_frame   0x0000000000000dd8       0x2c c:/st/stm32cubeide_1.6.1/stm32cubeide/plugins/com.st.stm32cube.ide.mcu.externaltools.gnu-tools-for-stm32.9-2020-q2-update.win32_1.5.0.202011040924/tools/bin/../lib/gcc/arm-none-eabi/9.3.1/../../../../arm-none-eabi/lib/thumb/v7e-m+fp/hard\libc_nano.a(lib_a-init.o)
 .debug_frame   0x0000000000000e04       0x20 c:/st/stm32cubeide_1.6.1/stm32cubeide/plugins/com.st.stm32cube.ide.mcu.externaltools.gnu-tools-for-stm32.9-2020-q2-update.win32_1.5.0.202011040924/tools/bin/../lib/gcc/arm-none-eabi/9.3.1/../../../../arm-none-eabi/lib/thumb/v7e-m+fp/hard\libc_nano.a(lib_a-memset.o)
 .debug_frame   0x0000000000000e24       0x74 c:/st/stm32cubeide_1.6.1/stm32cubeide/plugins/com.st.stm32cube.ide.mcu.externaltools.gnu-tools-for-stm32.9-2020-q2-update.win32_1.5.0.202011040924/tools/bin/../lib/gcc/arm-none-eabi/9.3.1/../../../../arm-none-eabi/lib/thumb/v7e-m+fp/hard\libc_nano.a(lib_a-printf.o)
 .debug_frame   0x0000000000000e98       0x28 c:/st/stm32cubeide_1.6.1/stm32cubeide/plugins/com.st.stm32cube.ide.mcu.externaltools.gnu-tools-for-stm32.9-2020-q2-update.win32_1.5.0.202011040924/tools/bin/../lib/gcc/arm-none-eabi/9.3.1/../../../../arm-none-eabi/lib/thumb/v7e-m+fp/hard\libc_nano.a(lib_a-strcat.o)
 .debug_frame   0x0000000000000ec0       0x20 c:/st/stm32cubeide_1.6.1/stm32cubeide/plugins/com.st.stm32cube.ide.mcu.externaltools.gnu-tools-for-stm32.9-2020-q2-update.win32_1.5.0.202011040924/tools/bin/../lib/gcc/arm-none-eabi/9.3.1/../../../../arm-none-eabi/lib/thumb/v7e-m+fp/hard\libc_nano.a(lib_a-strcpy.o)
 .debug_frame   0x0000000000000ee0       0x30 c:/st/stm32cubeide_1.6.1/stm32cubeide/plugins/com.st.stm32cube.ide.mcu.externaltools.gnu-tools-for-stm32.9-2020-q2-update.win32_1.5.0.202011040924/tools/bin/../lib/gcc/arm-none-eabi/9.3.1/../../../../arm-none-eabi/lib/thumb/v7e-m+fp/hard\libc_nano.a(lib_a-strstr.o)
 .debug_frame   0x0000000000000f10      0x14c c:/st/stm32cubeide_1.6.1/stm32cubeide/plugins/com.st.stm32cube.ide.mcu.externaltools.gnu-tools-for-stm32.9-2020-q2-update.win32_1.5.0.202011040924/tools/bin/../lib/gcc/arm-none-eabi/9.3.1/../../../../arm-none-eabi/lib/thumb/v7e-m+fp/hard\libc_nano.a(lib_a-findfp.o)
 .debug_frame   0x000000000000105c       0x54 c:/st/stm32cubeide_1.6.1/stm32cubeide/plugins/com.st.stm32cube.ide.mcu.externaltools.gnu-tools-for-stm32.9-2020-q2-update.win32_1.5.0.202011040924/tools/bin/../lib/gcc/arm-none-eabi/9.3.1/../../../../arm-none-eabi/lib/thumb/v7e-m+fp/hard\libc_nano.a(lib_a-fwalk.o)
 .debug_frame   0x00000000000010b0       0xb0 c:/st/stm32cubeide_1.6.1/stm32cubeide/plugins/com.st.stm32cube.ide.mcu.externaltools.gnu-tools-for-stm32.9-2020-q2-update.win32_1.5.0.202011040924/tools/bin/../lib/gcc/arm-none-eabi/9.3.1/../../../../arm-none-eabi/lib/thumb/v7e-m+fp/hard\libc_nano.a(lib_a-lock.o)
 .debug_frame   0x0000000000001160       0x30 c:/st/stm32cubeide_1.6.1/stm32cubeide/plugins/com.st.stm32cube.ide.mcu.externaltools.gnu-tools-for-stm32.9-2020-q2-update.win32_1.5.0.202011040924/tools/bin/../lib/gcc/arm-none-eabi/9.3.1/../../../../arm-none-eabi/lib/thumb/v7e-m+fp/hard\libc_nano.a(lib_a-nano-mallocr.o)
 .debug_frame   0x0000000000001190       0xac c:/st/stm32cubeide_1.6.1/stm32cubeide/plugins/com.st.stm32cube.ide.mcu.externaltools.gnu-tools-for-stm32.9-2020-q2-update.win32_1.5.0.202011040924/tools/bin/../lib/gcc/arm-none-eabi/9.3.1/../../../../arm-none-eabi/lib/thumb/v7e-m+fp/hard\libc_nano.a(lib_a-nano-vfprintf.o)
 .debug_frame   0x000000000000123c       0x60 c:/st/stm32cubeide_1.6.1/stm32cubeide/plugins/com.st.stm32cube.ide.mcu.externaltools.gnu-tools-for-stm32.9-2020-q2-update.win32_1.5.0.202011040924/tools/bin/../lib/gcc/arm-none-eabi/9.3.1/../../../../arm-none-eabi/lib/thumb/v7e-m+fp/hard\libc_nano.a(lib_a-nano-vfprintf_i.o)
 .debug_frame   0x000000000000129c       0x2c c:/st/stm32cubeide_1.6.1/stm32cubeide/plugins/com.st.stm32cube.ide.mcu.externaltools.gnu-tools-for-stm32.9-2020-q2-update.win32_1.5.0.202011040924/tools/bin/../lib/gcc/arm-none-eabi/9.3.1/../../../../arm-none-eabi/lib/thumb/v7e-m+fp/hard\libc_nano.a(lib_a-sbrkr.o)
 .debug_frame   0x00000000000012c8       0x88 c:/st/stm32cubeide_1.6.1/stm32cubeide/plugins/com.st.stm32cube.ide.mcu.externaltools.gnu-tools-for-stm32.9-2020-q2-update.win32_1.5.0.202011040924/tools/bin/../lib/gcc/arm-none-eabi/9.3.1/../../../../arm-none-eabi/lib/thumb/v7e-m+fp/hard\libc_nano.a(lib_a-stdio.o)
 .debug_frame   0x0000000000001350       0x40 c:/st/stm32cubeide_1.6.1/stm32cubeide/plugins/com.st.stm32cube.ide.mcu.externaltools.gnu-tools-for-stm32.9-2020-q2-update.win32_1.5.0.202011040924/tools/bin/../lib/gcc/arm-none-eabi/9.3.1/../../../../arm-none-eabi/lib/thumb/v7e-m+fp/hard\libc_nano.a(lib_a-wbuf.o)
 .debug_frame   0x0000000000001390       0x2c c:/st/stm32cubeide_1.6.1/stm32cubeide/plugins/com.st.stm32cube.ide.mcu.externaltools.gnu-tools-for-stm32.9-2020-q2-update.win32_1.5.0.202011040924/tools/bin/../lib/gcc/arm-none-eabi/9.3.1/../../../../arm-none-eabi/lib/thumb/v7e-m+fp/hard\libc_nano.a(lib_a-writer.o)
 .debug_frame   0x00000000000013bc       0x2c c:/st/stm32cubeide_1.6.1/stm32cubeide/plugins/com.st.stm32cube.ide.mcu.externaltools.gnu-tools-for-stm32.9-2020-q2-update.win32_1.5.0.202011040924/tools/bin/../lib/gcc/arm-none-eabi/9.3.1/../../../../arm-none-eabi/lib/thumb/v7e-m+fp/hard\libc_nano.a(lib_a-wsetup.o)
 .debug_frame   0x00000000000013e8       0x2c c:/st/stm32cubeide_1.6.1/stm32cubeide/plugins/com.st.stm32cube.ide.mcu.externaltools.gnu-tools-for-stm32.9-2020-q2-update.win32_1.5.0.202011040924/tools/bin/../lib/gcc/arm-none-eabi/9.3.1/../../../../arm-none-eabi/lib/thumb/v7e-m+fp/hard\libc_nano.a(lib_a-closer.o)
 .debug_frame   0x0000000000001414       0x5c c:/st/stm32cubeide_1.6.1/stm32cubeide/plugins/com.st.stm32cube.ide.mcu.externaltools.gnu-tools-for-stm32.9-2020-q2-update.win32_1.5.0.202011040924/tools/bin/../lib/gcc/arm-none-eabi/9.3.1/../../../../arm-none-eabi/lib/thumb/v7e-m+fp/hard\libc_nano.a(lib_a-fflush.o)
 .debug_frame   0x0000000000001470       0x2c c:/st/stm32cubeide_1.6.1/stm32cubeide/plugins/com.st.stm32cube.ide.mcu.externaltools.gnu-tools-for-stm32.9-2020-q2-update.win32_1.5.0.202011040924/tools/bin/../lib/gcc/arm-none-eabi/9.3.1/../../../../arm-none-eabi/lib/thumb/v7e-m+fp/hard\libc_nano.a(lib_a-lseekr.o)
 .debug_frame   0x000000000000149c       0x58 c:/st/stm32cubeide_1.6.1/stm32cubeide/plugins/com.st.stm32cube.ide.mcu.externaltools.gnu-tools-for-stm32.9-2020-q2-update.win32_1.5.0.202011040924/tools/bin/../lib/gcc/arm-none-eabi/9.3.1/../../../../arm-none-eabi/lib/thumb/v7e-m+fp/hard\libc_nano.a(lib_a-makebuf.o)
 .debug_frame   0x00000000000014f4       0x30 c:/st/stm32cubeide_1.6.1/stm32cubeide/plugins/com.st.stm32cube.ide.mcu.externaltools.gnu-tools-for-stm32.9-2020-q2-update.win32_1.5.0.202011040924/tools/bin/../lib/gcc/arm-none-eabi/9.3.1/../../../../arm-none-eabi/lib/thumb/v7e-m+fp/hard\libc_nano.a(lib_a-mlock.o)
 .debug_frame   0x0000000000001524       0x38 c:/st/stm32cubeide_1.6.1/stm32cubeide/plugins/com.st.stm32cube.ide.mcu.externaltools.gnu-tools-for-stm32.9-2020-q2-update.win32_1.5.0.202011040924/tools/bin/../lib/gcc/arm-none-eabi/9.3.1/../../../../arm-none-eabi/lib/thumb/v7e-m+fp/hard\libc_nano.a(lib_a-nano-freer.o)
 .debug_frame   0x000000000000155c       0x2c c:/st/stm32cubeide_1.6.1/stm32cubeide/plugins/com.st.stm32cube.ide.mcu.externaltools.gnu-tools-for-stm32.9-2020-q2-update.win32_1.5.0.202011040924/tools/bin/../lib/gcc/arm-none-eabi/9.3.1/../../../../arm-none-eabi/lib/thumb/v7e-m+fp/hard\libc_nano.a(lib_a-readr.o)
 .debug_frame   0x0000000000001588       0x5c c:/st/stm32cubeide_1.6.1/stm32cubeide/plugins/com.st.stm32cube.ide.mcu.externaltools.gnu-tools-for-stm32.9-2020-q2-update.win32_1.5.0.202011040924/tools/bin/../lib/gcc/arm-none-eabi/9.3.1/../../../../arm-none-eabi/lib/thumb/v7e-m+fp/hard\libc_nano.a(lib_a-reent.o)
 .debug_frame   0x00000000000015e4       0x2c c:/st/stm32cubeide_1.6.1/stm32cubeide/plugins/com.st.stm32cube.ide.mcu.externaltools.gnu-tools-for-stm32.9-2020-q2-update.win32_1.5.0.202011040924/tools/bin/../lib/gcc/arm-none-eabi/9.3.1/../../../../arm-none-eabi/lib/thumb/v7e-m+fp/hard\libc_nano.a(lib_a-fstatr.o)
 .debug_frame   0x0000000000001610       0x2c c:/st/stm32cubeide_1.6.1/stm32cubeide/plugins/com.st.stm32cube.ide.mcu.externaltools.gnu-tools-for-stm32.9-2020-q2-update.win32_1.5.0.202011040924/tools/bin/../lib/gcc/arm-none-eabi/9.3.1/../../../../arm-none-eabi/lib/thumb/v7e-m+fp/hard\libc_nano.a(lib_a-isattyr.o)
